Archive member included to satisfy reference by file (symbol)

Generated_Source\PSoC6\pdl\middleware\emWin\libs\GCC\libemWin_nosnts_gcc.a(F16_1.o)
                              .\CortexM4\ARM_GCC_541\Debug\main_cm4.o (GUI_Font16_1)
Generated_Source\PSoC6\pdl\middleware\emWin\libs\GCC\libemWin_nosnts_gcc.a(F16_ASCII.o)
                              Generated_Source\PSoC6\pdl\middleware\emWin\libs\GCC\libemWin_nosnts_gcc.a(F16_1.o) (GUI_Font16ASCIIProp1)
Generated_Source\PSoC6\pdl\middleware\emWin\libs\GCC\libemWin_nosnts_gcc.a(F24_1.o)
                              .\CortexM4\ARM_GCC_541\Debug\main_cm4.o (GUI_Font24_1)
Generated_Source\PSoC6\pdl\middleware\emWin\libs\GCC\libemWin_nosnts_gcc.a(F24_ASCII.o)
                              Generated_Source\PSoC6\pdl\middleware\emWin\libs\GCC\libemWin_nosnts_gcc.a(F24_1.o) (GUI_Font24_ASCII_Prop1)
Generated_Source\PSoC6\pdl\middleware\emWin\libs\GCC\libemWin_nosnts_gcc.a(F32_1.o)
                              .\CortexM4\ARM_GCC_541\Debug\main_cm4.o (GUI_Font32_1)
Generated_Source\PSoC6\pdl\middleware\emWin\libs\GCC\libemWin_nosnts_gcc.a(F32_ASCII.o)
                              Generated_Source\PSoC6\pdl\middleware\emWin\libs\GCC\libemWin_nosnts_gcc.a(F32_1.o) (GUI_Font32_ASCII_Prop1)
Generated_Source\PSoC6\pdl\middleware\emWin\libs\GCC\libemWin_nosnts_gcc.a(F6x8.o)
                              .\CortexM4\ARM_GCC_541\Debug\GUIConf.o (GUI_Font6x8)
Generated_Source\PSoC6\pdl\middleware\emWin\libs\GCC\libemWin_nosnts_gcc.a(GUI_Alloc.o)
                              .\CortexM4\ARM_GCC_541\Debug\GUIConf.o (GUI_ALLOC_AssignMemory)
Generated_Source\PSoC6\pdl\middleware\emWin\libs\GCC\libemWin_nosnts_gcc.a(GUI_CharM.o)
                              Generated_Source\PSoC6\pdl\middleware\emWin\libs\GCC\libemWin_nosnts_gcc.a(F6x8.o) (GUIMONO_DispChar)
Generated_Source\PSoC6\pdl\middleware\emWin\libs\GCC\libemWin_nosnts_gcc.a(GUI_CharP.o)
                              Generated_Source\PSoC6\pdl\middleware\emWin\libs\GCC\libemWin_nosnts_gcc.a(F16_1.o) (GUIPROP_DispChar)
Generated_Source\PSoC6\pdl\middleware\emWin\libs\GCC\libemWin_nosnts_gcc.a(GUI_Common.o)
                              Generated_Source\PSoC6\pdl\middleware\emWin\libs\GCC\libemWin_nosnts_gcc.a(GUI_CharP.o) (GUI_GetBkColor)
Generated_Source\PSoC6\pdl\middleware\emWin\libs\GCC\libemWin_nosnts_gcc.a(GUI_Core.o)
                              Generated_Source\PSoC6\pdl\middleware\emWin\libs\GCC\libemWin_nosnts_gcc.a(GUI_Common.o) (GUI__apDevice)
Generated_Source\PSoC6\pdl\middleware\emWin\libs\GCC\libemWin_nosnts_gcc.a(GUI_Device.o)
                              .\CortexM4\ARM_GCC_541\Debug\LCDConf.o (GUI_DEVICE_CreateAndLink)
Generated_Source\PSoC6\pdl\middleware\emWin\libs\GCC\libemWin_nosnts_gcc.a(GUI_DispString.o)
                              Generated_Source\PSoC6\pdl\middleware\emWin\libs\GCC\libemWin_nosnts_gcc.a(GUI_Common.o) (GUI_DispString)
Generated_Source\PSoC6\pdl\middleware\emWin\libs\GCC\libemWin_nosnts_gcc.a(GUI_DispStringInRectEx.o)
                              Generated_Source\PSoC6\pdl\middleware\emWin\libs\GCC\libemWin_nosnts_gcc.a(GUI_DispString.o) (GUI_DispStringInRectEx)
Generated_Source\PSoC6\pdl\middleware\emWin\libs\GCC\libemWin_nosnts_gcc.a(GUI_DrawBitmap_565.o)
                              .\CortexM4\ARM_GCC_541\Debug\KS124117-2.o (GUI_BitmapMethodsM565)
Generated_Source\PSoC6\pdl\middleware\emWin\libs\GCC\libemWin_nosnts_gcc.a(GUI_DrawBitmap_A16.o)
                              .\CortexM4\ARM_GCC_541\Debug\Cypress Logo Full Color_PNG_316pixels.o (GUI_BitmapMethodsAM565)
Generated_Source\PSoC6\pdl\middleware\emWin\libs\GCC\libemWin_nosnts_gcc.a(GUI_OnKey.o)
                              Generated_Source\PSoC6\pdl\middleware\emWin\libs\GCC\libemWin_nosnts_gcc.a(GUI_Common.o) (GUI_GetKey)
Generated_Source\PSoC6\pdl\middleware\emWin\libs\GCC\libemWin_nosnts_gcc.a(GUI_Time.o)
                              .\CortexM4\ARM_GCC_541\Debug\LCDConf.o (GUI_Delay)
Generated_Source\PSoC6\pdl\middleware\emWin\libs\GCC\libemWin_nosnts_gcc.a(GUI_UC.o)
                              Generated_Source\PSoC6\pdl\middleware\emWin\libs\GCC\libemWin_nosnts_gcc.a(GUI_DispString.o) (GUI_UC__GetCharCodeInc)
Generated_Source\PSoC6\pdl\middleware\emWin\libs\GCC\libemWin_nosnts_gcc.a(GUI_UC_EncodeNone.o)
                              Generated_Source\PSoC6\pdl\middleware\emWin\libs\GCC\libemWin_nosnts_gcc.a(GUI_Core.o) (GUI_UC_None)
Generated_Source\PSoC6\pdl\middleware\emWin\libs\GCC\libemWin_nosnts_gcc.a(GUI_WaitEvent.o)
                              Generated_Source\PSoC6\pdl\middleware\emWin\libs\GCC\libemWin_nosnts_gcc.a(GUI_OnKey.o) (GUI_SignalEvent)
Generated_Source\PSoC6\pdl\middleware\emWin\libs\GCC\libemWin_nosnts_gcc.a(GUICC_555_Index2Color.o)
                              Generated_Source\PSoC6\pdl\middleware\emWin\libs\GCC\libemWin_nosnts_gcc.a(GUI_DrawBitmap_A16.o) (LCD_Index2Color_555)
Generated_Source\PSoC6\pdl\middleware\emWin\libs\GCC\libemWin_nosnts_gcc.a(GUICC_565.o)
[...]
Memory Configuration

Name             Origin             Length             Attributes
ram              0x08024000         0x00023800         xrw
flash            0x10080000         0x00080000         xr
em_eeprom        0x14000000         0x00008000         xr
sflash_user_data 0x16000800         0x00000800         xr
sflash_nar       0x16001a00         0x00000200         xr
sflash_public_key 0x16005a00         0x00000c00         xr
sflash_toc_2     0x16007c00         0x00000200         xr
sflash_rtoc_2    0x16007e00         0x00000200         xr
xip              0x18000000         0x08000000         xr
efuse            0x90700000         0x00100000         r
*default*        0x00000000         0xffffffff

Linker script and memory map

LOAD c:/program files (x86)/cypress/psoc creator/4.4/psoc creator/import/gnu/arm/5.4.1/bin/../lib/gcc/arm-none-eabi/5.4.1/armv7e-m/softfp/crti.o
LOAD c:/program files (x86)/cypress/psoc creator/4.4/psoc creator/import/gnu/arm/5.4.1/bin/../lib/gcc/arm-none-eabi/5.4.1/armv7e-m/softfp/crtbegin.o
LOAD c:/program files (x86)/cypress/psoc creator/4.4/psoc creator/import/gnu/arm/5.4.1/bin/../lib/gcc/arm-none-eabi/5.4.1/../../../../arm-none-eabi/lib/armv7e-m/softfp/crt0.o
START GROUP
LOAD Generated_Source\PSoC6\pdl\middleware\emWin\libs\GCC\libemWin_nosnts_gcc.a
LOAD .\CortexM4\ARM_GCC_541\Debug\KS124117-2.o
LOAD .\CortexM4\ARM_GCC_541\Debug\Cypress Logo Full Color_PNG_316pixels.o
LOAD .\CortexM4\ARM_GCC_541\Debug\startup_psoc6_01_cm4.o
LOAD .\CortexM4\ARM_GCC_541\Debug\main_cm4.o
LOAD .\CortexM4\ARM_GCC_541\Debug\system_psoc6_cm4.o
LOAD .\CortexM4\ARM_GCC_541\Debug\GUIConf.o
LOAD .\CortexM4\ARM_GCC_541\Debug\GUI_X.o
LOAD .\CortexM4\ARM_GCC_541\Debug\LCDConf.o
LOAD .\CortexM4\ARM_GCC_541\Debug\stdio_user.o
LOAD .\CortexM4\ARM_GCC_541\Debug\cyfitter_sysint_cfg.o
LOAD .\CortexM4\ARM_GCC_541\Debug\cymetadata.o
LOAD .\CortexM4\ARM_GCC_541\Debug\GraphicLCDIntf_1.o
LOAD .\CortexM4\ARM_GCC_541\Debug\GraphicLCDIntf_1_PM.o
LOAD .\CortexM4\ARM_GCC_541\Debug\cy_efuse.o
LOAD .\CortexM4\ARM_GCC_541\Debug\cy_flash.o
LOAD .\CortexM4\ARM_GCC_541\Debug\cy_gpio.o
LOAD .\CortexM4\ARM_GCC_541\Debug\cy_ipc_drv.o
LOAD .\CortexM4\ARM_GCC_541\Debug\cy_ipc_sema.o
LOAD .\CortexM4\ARM_GCC_541\Debug\cy_ipc_pipe.o
LOAD .\CortexM4\ARM_GCC_541\Debug\cy_lvd.o
LOAD .\CortexM4\ARM_GCC_541\Debug\cy_profile.o
LOAD .\CortexM4\ARM_GCC_541\Debug\cy_prot.o
LOAD .\CortexM4\ARM_GCC_541\Debug\cy_sysanalog.o
LOAD .\CortexM4\ARM_GCC_541\Debug\cy_sysclk.o
LOAD .\CortexM4\ARM_GCC_541\Debug\cy_sysint.o
LOAD .\CortexM4\ARM_GCC_541\Debug\cy_syslib.o
LOAD .\CortexM4\ARM_GCC_541\Debug\cy_syslib_gcc.o
LOAD .\CortexM4\ARM_GCC_541\Debug\cy_syspm.o
LOAD .\CortexM4\ARM_GCC_541\Debug\cy_systick.o
LOAD .\CortexM4\ARM_GCC_541\Debug\cy_trigmux.o
LOAD .\CortexM4\ARM_GCC_541\Debug\cy_wdt.o
LOAD .\CortexM4\ARM_GCC_541\Debug\cy_device.o
LOAD .\CortexM4\ARM_GCC_541\Debug\cy_scb_common.o
LOAD .\CortexM4\ARM_GCC_541\Debug\cy_scb_i2c.o
LOAD .\CortexM4\ARM_GCC_541\Debug\cy_scb_ezi2c.o
LOAD .\CortexM4\ARM_GCC_541\Debug\cy_scb_spi.o
LOAD .\CortexM4\ARM_GCC_541\Debug\cy_scb_uart.o
LOAD .\CortexM4\ARM_GCC_541\Debug\cy_sar.o
LOAD .\CortexM4\ARM_GCC_541\Debug\retarget.o
LOAD .\CortexM4\ARM_GCC_541\Debug\UART.o
LOAD .\CortexM4\ARM_GCC_541\Debug\CapSense_Control.o
LOAD .\CortexM4\ARM_GCC_541\Debug\CapSense_Processing.o
LOAD .\CortexM4\ARM_GCC_541\Debug\CapSense_Structure.o
LOAD .\CortexM4\ARM_GCC_541\Debug\CapSense_Tuner.o
LOAD .\CortexM4\ARM_GCC_541\Debug\CapSense_Filter.o
LOAD .\CortexM4\ARM_GCC_541\Debug\CapSense_Sensing.o
LOAD .\CortexM4\ARM_GCC_541\Debug\CapSense_SensingCSX_LL.o
LOAD .\CortexM4\ARM_GCC_541\Debug\ADC.o
LOAD .\CortexM4\ARM_GCC_541\Debug\ADC_INT.o
LOAD .\CortexM4\ARM_GCC_541\Debug\ADC_INIT.o
LOAD .\CortexM4\ARM_GCC_541\Debug\ADC_PM.o
LOAD C:\Program Files (x86)\Cypress\PSoC Creator\4.4\PSoC Creator\psoc\content\CyComponentLibrary\CyComponentLibrary.cylib\CapSense_v3_0\Library\CapSense_Library_GCC_M4.a
END GROUP
START GROUP
LOAD c:/program files (x86)/cypress/psoc creator/4.4/psoc creator/import/gnu/arm/5.4.1/bin/../lib/gcc/arm-none-eabi/5.4.1/armv7e-m/softfp\libgcc.a
LOAD c:/program files (x86)/cypress/psoc creator/4.4/psoc creator/import/gnu/arm/5.4.1/bin/../lib/gcc/arm-none-eabi/5.4.1/../../../../arm-none-eabi/lib/armv7e-m/softfp\libg_nano.a
LOAD c:/program files (x86)/cypress/psoc creator/4.4/psoc creator/import/gnu/arm/5.4.1/bin/../lib/gcc/arm-none-eabi/5.4.1/../../../../arm-none-eabi/lib/armv7e-m/softfp\libc_nano.a
END GROUP
START GROUP
LOAD c:/program files (x86)/cypress/psoc creator/4.4/psoc creator/import/gnu/arm/5.4.1/bin/../lib/gcc/arm-none-eabi/5.4.1/armv7e-m/softfp\libgcc.a
LOAD c:/program files (x86)/cypress/psoc creator/4.4/psoc creator/import/gnu/arm/5.4.1/bin/../lib/gcc/arm-none-eabi/5.4.1/../../../../arm-none-eabi/lib/armv7e-m/softfp\libc_nano.a
END GROUP
LOAD c:/program files (x86)/cypress/psoc creator/4.4/psoc creator/import/gnu/arm/5.4.1/bin/../lib/gcc/arm-none-eabi/5.4.1/armv7e-m/softfp/crtend.o
LOAD c:/program files (x86)/cypress/psoc creator/4.4/psoc creator/import/gnu/arm/5.4.1/bin/../lib/gcc/arm-none-eabi/5.4.1/armv7e-m/softfp/crtn.o
START GROUP
LOAD c:/program files (x86)/cypress/psoc creator/4.4/psoc creator/import/gnu/arm/5.4.1/bin/../lib/gcc/arm-none-eabi/5.4.1/armv7e-m/softfp\libgcc.a
LOAD c:/program files (x86)/cypress/psoc creator/4.4/psoc creator/import/gnu/arm/5.4.1/bin/../lib/gcc/arm-none-eabi/5.4.1/../../../../arm-none-eabi/lib/armv7e-m/softfp\libc.a
LOAD c:/program files (x86)/cypress/psoc creator/4.4/psoc creator/import/gnu/arm/5.4.1/bin/../lib/gcc/arm-none-eabi/5.4.1/../../../../arm-none-eabi/lib/armv7e-m/softfp\libnosys.a
END GROUP
START GROUP
LOAD c:/program files (x86)/cypress/psoc creator/4.4/psoc creator/import/gnu/arm/5.4.1/bin/../lib/gcc/arm-none-eabi/5.4.1/armv7e-m/softfp\libgcc.a
LOAD c:/program files (x86)/cypress/psoc creator/4.4/psoc creator/import/gnu/arm/5.4.1/bin/../lib/gcc/arm-none-eabi/5.4.1/../../../../arm-none-eabi/lib/armv7e-m/softfp\libc.a
LOAD c:/program files (x86)/cypress/psoc creator/4.4/psoc creator/import/gnu/arm/5.4.1/bin/../lib/gcc/arm-none-eabi/5.4.1/../../../../arm-none-eabi/lib/armv7e-m/softfp\libm.a
LOAD c:/program files (x86)/cypress/psoc creator/4.4/psoc creator/import/gnu/arm/5.4.1/bin/../lib/gcc/arm-none-eabi/5.4.1/../../../../arm-none-eabi/lib/armv7e-m/softfp\libnosys.a
END GROUP

.text           0x10080000    0x176d0
                0x10080000                . = ALIGN (0x4)
                0x10080000                __Vectors = .
 *(.vectors)
 .vectors       0x10080000      0x28c .\CortexM4\ARM_GCC_541\Debug\startup_psoc6_01_cm4.o
                0x1008028c                . = ALIGN (0x4)
                0x1008028c                __Vectors_End = .
                0x0000028c                __Vectors_Size = (__Vectors_End - __Vectors)
                0x1008028c                __end__ = .
                0x1008028c                . = ALIGN (0x4)
 *(.text*)
 .text          0x1008028c       0x5c c:/program files (x86)/cypress/psoc creator/4.4/psoc creator/import/gnu/arm/5.4.1/bin/../lib/gcc/arm-none-eabi/5.4.1/armv7e-m/softfp/crtbegin.o
 .text          0x100802e8       0x84 .\CortexM4\ARM_GCC_541\Debug\startup_psoc6_01_cm4.o
                0x100802e8                Cy_OnResetUser
                0x100802ea                Reset_Handler
                0x1008034c                cpuss_interrupts_ipc_6_IRQHandler
                0x1008034c                DebugMon_Handler
                0x1008034c                tcpwm_1_interrupts_11_IRQHandler
                0x1008034c                cpuss_interrupts_ipc_0_IRQHandler
                0x1008034c                tcpwm_1_interrupts_15_IRQHandler
                0x1008034c                ioss_interrupts_gpio_13_IRQHandler
                0x1008034c                tcpwm_1_interrupts_13_IRQHandler
                0x1008034c                cpuss_interrupts_dw1_8_IRQHandler
                0x1008034c                tcpwm_0_interrupts_0_IRQHandler
                0x1008034c                SysTick_Handler
                0x1008034c                cpuss_interrupt_fm_IRQHandler
                0x1008034c                cpuss_interrupts_ipc_7_IRQHandler
                0x1008034c                tcpwm_1_interrupts_14_IRQHandler
                0x1008034c                cpuss_interrupts_dw0_5_IRQHandler
                0x1008034c                tcpwm_1_interrupts_9_IRQHandler
                0x1008034c                cpuss_interrupts_cm0_cti_1_IRQHandler
                0x1008034c                tcpwm_1_interrupts_22_IRQHandler
                0x1008034c                cpuss_interrupts_dw0_4_IRQHandler
                0x1008034c                PendSV_Handler
                0x1008034c                NMI_Handler
                0x1008034c                cpuss_interrupts_dw1_12_IRQHandler
                0x1008034c                tcpwm_1_interrupts_12_IRQHandler
                0x1008034c                smif_interrupt_IRQHandler
                0x1008034c                tcpwm_1_interrupts_2_IRQHandler
                0x1008034c                cpuss_interrupts_ipc_13_IRQHandler
                0x1008034c                udb_interrupts_11_IRQHandler
                0x1008034c                tcpwm_1_interrupts_18_IRQHandler
                0x1008034c                cpuss_interrupts_dw0_11_IRQHandler
                0x1008034c                tcpwm_0_interrupts_2_IRQHandler
                0x1008034c                cpuss_interrupts_dw0_13_IRQHandler
                0x1008034c                udb_interrupts_2_IRQHandler
                0x1008034c                cpuss_interrupts_dw1_7_IRQHandler
                0x1008034c                ioss_interrupts_gpio_1_IRQHandler
                0x1008034c                ioss_interrupts_gpio_7_IRQHandler
                0x1008034c                scb_5_interrupt_IRQHandler
                0x1008034c                udb_interrupts_6_IRQHandler
                0x1008034c                cpuss_interrupts_fault_1_IRQHandler
                0x1008034c                cpuss_interrupts_ipc_4_IRQHandler
                0x1008034c                cpuss_interrupts_ipc_5_IRQHandler
                0x1008034c                cpuss_interrupts_dw1_10_IRQHandler
                0x1008034c                udb_interrupts_0_IRQHandler
                0x1008034c                tcpwm_1_interrupts_6_IRQHandler
                0x1008034c                scb_4_interrupt_IRQHandler
                0x1008034c                pass_interrupt_dacs_IRQHandler
                0x1008034c                ioss_interrupts_gpio_2_IRQHandler
                0x1008034c                cpuss_interrupts_dw1_9_IRQHandler
                0x1008034c                cpuss_interrupts_dw1_13_IRQHandler
                0x1008034c                scb_2_interrupt_IRQHandler
                0x1008034c                cpuss_interrupts_cm0_cti_0_IRQHandler
                0x1008034c                udb_interrupts_5_IRQHandler
                0x1008034c                srss_interrupt_IRQHandler
                0x1008034c                udb_interrupts_12_IRQHandler
                0x1008034c                scb_0_interrupt_IRQHandler
                0x1008034c                csd_interrupt_IRQHandler
                0x1008034c                udb_interrupts_1_IRQHandler
                0x1008034c                profile_interrupt_IRQHandler
                0x1008034c                tcpwm_1_interrupts_1_IRQHandler
                0x1008034c                cpuss_interrupts_ipc_12_IRQHandler
                0x1008034c                tcpwm_1_interrupts_3_IRQHandler
                0x1008034c                tcpwm_0_interrupts_7_IRQHandler
                0x1008034c                cpuss_interrupts_dw1_1_IRQHandler
                0x1008034c                cpuss_interrupts_dw1_0_IRQHandler
                0x1008034c                cpuss_interrupts_dw0_9_IRQHandler
                0x1008034c                lpcomp_interrupt_IRQHandler
                0x1008034c                tcpwm_1_interrupts_23_IRQHandler
                0x1008034c                udb_interrupts_4_IRQHandler
                0x1008034c                tcpwm_1_interrupts_20_IRQHandler
                0x1008034c                ioss_interrupt_gpio_IRQHandler
                0x1008034c                tcpwm_0_interrupts_1_IRQHandler
                0x1008034c                ioss_interrupts_gpio_8_IRQHandler
                0x1008034c                tcpwm_0_interrupts_6_IRQHandler
                0x1008034c                scb_7_interrupt_IRQHandler
                0x1008034c                tcpwm_1_interrupts_7_IRQHandler
                0x1008034c                cpuss_interrupts_ipc_11_IRQHandler
                0x1008034c                udb_interrupts_13_IRQHandler
                0x1008034c                cpuss_interrupts_dw0_15_IRQHandler
                0x1008034c                udb_interrupts_7_IRQHandler
                0x1008034c                cpuss_interrupts_dw1_6_IRQHandler
                0x1008034c                cpuss_interrupt_crypto_IRQHandler
                0x1008034c                scb_1_interrupt_IRQHandler
                0x1008034c                Default_Handler
                0x1008034c                usb_interrupt_hi_IRQHandler
                0x1008034c                tcpwm_1_interrupts_0_IRQHandler
                0x1008034c                udb_interrupts_9_IRQHandler
                0x1008034c                audioss_interrupt_pdm_IRQHandler
                0x1008034c                srss_interrupt_mcwdt_0_IRQHandler
                0x1008034c                scb_3_interrupt_IRQHandler
                0x1008034c                pass_interrupt_ctbs_IRQHandler
                0x1008034c                udb_interrupts_8_IRQHandler
                0x1008034c                ioss_interrupts_gpio_3_IRQHandler
                0x1008034c                scb_6_interrupt_IRQHandler
                0x1008034c                cpuss_interrupts_cm4_cti_0_IRQHandler
                0x1008034c                cpuss_interrupts_dw1_3_IRQHandler
                0x1008034c                pass_interrupt_sar_IRQHandler
                0x1008034c                ioss_interrupts_gpio_0_IRQHandler
                0x1008034c                ioss_interrupts_gpio_14_IRQHandler
                0x1008034c                tcpwm_0_interrupts_4_IRQHandler
                0x1008034c                udb_interrupts_3_IRQHandler
                0x1008034c                tcpwm_0_interrupts_5_IRQHandler
                0x1008034c                cpuss_interrupts_ipc_15_IRQHandler
                0x1008034c                cpuss_interrupts_cm4_cti_1_IRQHandler
                0x1008034c                scb_8_interrupt_IRQHandler
                0x1008034c                srss_interrupt_mcwdt_1_IRQHandler
                0x1008034c                cpuss_interrupts_dw1_2_IRQHandler
                0x1008034c                SVC_Handler
                0x1008034c                cpuss_interrupts_dw1_5_IRQHandler
                0x1008034c                cpuss_interrupts_ipc_1_IRQHandler
                0x1008034c                cpuss_interrupts_dw0_0_IRQHandler
                0x1008034c                ioss_interrupts_gpio_12_IRQHandler
                0x1008034c                cpuss_interrupts_ipc_3_IRQHandler
                0x1008034c                tcpwm_1_interrupts_17_IRQHandler
                0x1008034c                srss_interrupt_backup_IRQHandler
                0x1008034c                bless_interrupt_IRQHandler
                0x1008034c                cpuss_interrupts_ipc_10_IRQHandler
                0x1008034c                cpuss_interrupts_ipc_9_IRQHandler
                0x1008034c                cpuss_interrupts_dw0_14_IRQHandler
                0x1008034c                tcpwm_1_interrupts_4_IRQHandler
                0x1008034c                tcpwm_0_interrupts_3_IRQHandler
                0x1008034c                cpuss_interrupts_dw1_15_IRQHandler
                0x1008034c                ioss_interrupts_gpio_10_IRQHandler
                0x1008034c                udb_interrupts_10_IRQHandler
                0x1008034c                cpuss_interrupts_dw0_8_IRQHandler
                0x1008034c                ioss_interrupts_gpio_11_IRQHandler
                0x1008034c                cpuss_interrupts_ipc_14_IRQHandler
                0x1008034c                ioss_interrupts_gpio_5_IRQHandler
                0x1008034c                ioss_interrupts_gpio_4_IRQHandler
                0x1008034c                tcpwm_1_interrupts_8_IRQHandler
                0x1008034c                cpuss_interrupts_dw1_14_IRQHandler
                0x1008034c                usb_interrupt_med_IRQHandler
                0x1008034c                cpuss_interrupts_dw0_2_IRQHandler
                0x1008034c                tcpwm_1_interrupts_10_IRQHandler
                0x1008034c                cpuss_interrupts_fault_0_IRQHandler
                0x1008034c                cpuss_interrupts_dw0_12_IRQHandler
                0x1008034c                ioss_interrupts_gpio_6_IRQHandler
                0x1008034c                tcpwm_1_interrupts_21_IRQHandler
                0x1008034c                tcpwm_1_interrupts_16_IRQHandler
                0x1008034c                cpuss_interrupts_dw1_4_IRQHandler
                0x1008034c                udb_interrupts_15_IRQHandler
                0x1008034c                cpuss_interrupts_dw1_11_IRQHandler
                0x1008034c                cpuss_interrupts_dw0_6_IRQHandler
                0x1008034c                ioss_interrupt_vdd_IRQHandler
                0x1008034c                cpuss_interrupts_dw0_7_IRQHandler
                0x1008034c                audioss_interrupt_i2s_IRQHandler
                0x1008034c                tcpwm_1_interrupts_5_IRQHandler
                0x1008034c                cpuss_interrupts_ipc_2_IRQHandler
                0x1008034c                cpuss_interrupts_dw0_10_IRQHandler
                0x1008034c                tcpwm_1_interrupts_19_IRQHandler
                0x1008034c                cpuss_interrupts_dw0_1_IRQHandler
                0x1008034c                ioss_interrupts_gpio_9_IRQHandler
                0x1008034c                usb_interrupt_lo_IRQHandler
                0x1008034c                cpuss_interrupts_ipc_8_IRQHandler
                0x1008034c                udb_interrupts_14_IRQHandler
                0x1008034c                cpuss_interrupts_dw0_3_IRQHandler
                0x10080350                UsageFault_Handler
                0x10080350                HardFault_Handler
                0x10080350                MemManage_Handler
                0x10080350                BusFault_Handler
 .text.ShowStartupScreen
                0x1008036c       0x50 .\CortexM4\ARM_GCC_541\Debug\main_cm4.o
                0x1008036c                ShowStartupScreen
 .text.scanningscreen
                0x100803bc       0x3c .\CortexM4\ARM_GCC_541\Debug\main_cm4.o
                0x100803bc                scanningscreen
 .text.truescreen
                0x100803f8       0x6c .\CortexM4\ARM_GCC_541\Debug\main_cm4.o
                0x100803f8                truescreen
 .text.falsescreen
                0x10080464       0x6c .\CortexM4\ARM_GCC_541\Debug\main_cm4.o
                0x10080464                falsescreen
 .text.checkmagn
                0x100804d0       0x98 .\CortexM4\ARM_GCC_541\Debug\main_cm4.o
                0x100804d0                checkmagn
 .text.checkimg
                0x10080568      0x108 .\CortexM4\ARM_GCC_541\Debug\main_cm4.o
                0x10080568                checkimg
 .text.checkfunc
                0x10080670       0x1c .\CortexM4\ARM_GCC_541\Debug\main_cm4.o
                0x10080670                checkfunc
 .text.main     0x1008068c       0x94 .\CortexM4\ARM_GCC_541\Debug\main_cm4.o
                0x1008068c                main
 .text.Cy_SysIpcPipeIsrCm4
                0x10080720        0xc .\CortexM4\ARM_GCC_541\Debug\system_psoc6_cm4.o
                0x10080720                Cy_SysIpcPipeIsrCm4
 .text.Cy_SystemInit
                0x1008072c        0x4 .\CortexM4\ARM_GCC_541\Debug\system_psoc6_cm4.o
                0x1008072c                Cy_SystemInit
 .text.SystemCoreClockUpdate
                0x10080730      0x188 .\CortexM4\ARM_GCC_541\Debug\system_psoc6_cm4.o
                0x10080730                SystemCoreClockUpdate
 .text.SystemInit
                0x100808b8       0x48 .\CortexM4\ARM_GCC_541\Debug\system_psoc6_cm4.o
                0x100808b8                SystemInit
 .text.Cy_SystemInitFpuEnable
                0x10080900       0x28 .\CortexM4\ARM_GCC_541\Debug\system_psoc6_cm4.o
                0x10080900                Cy_SystemInitFpuEnable
 .text.GUI_X_Config
                0x10080928       0x1c .\CortexM4\ARM_GCC_541\Debug\GUIConf.o
                0x10080928                GUI_X_Config
 .text.GUI_X_Systick_Intr
                0x10080944       0x10 .\CortexM4\ARM_GCC_541\Debug\GUI_X.o
                0x10080944                GUI_X_Systick_Intr
 .text.GUI_X_GetTime
                0x10080954        0xc .\CortexM4\ARM_GCC_541\Debug\GUI_X.o
                0x10080954                GUI_X_GetTime
 .text.GUI_X_Delay
                0x10080960       0x18 .\CortexM4\ARM_GCC_541\Debug\GUI_X.o
                0x10080960                GUI_X_Delay
 .text.GUI_X_Systick_Init
                0x10080978       0x40 .\CortexM4\ARM_GCC_541\Debug\GUI_X.o
                0x10080978                GUI_X_Systick_Init
 .text.GUI_X_Init
                0x100809b8        0x8 .\CortexM4\ARM_GCC_541\Debug\GUI_X.o
                0x100809b8                GUI_X_Init
 .text._InitController
                0x100809c0      0x1e0 .\CortexM4\ARM_GCC_541\Debug\LCDConf.o
 .text.LCD_X_Config
                0x10080ba0       0x94 .\CortexM4\ARM_GCC_541\Debug\LCDConf.o
                0x10080ba0                LCD_X_Config
 .text.LCD_X_DisplayDriver
                0x10080c34       0x14 .\CortexM4\ARM_GCC_541\Debug\LCDConf.o
                0x10080c34                LCD_X_DisplayDriver
 .text.STDIO_PutChar
                0x10080c48       0x18 .\CortexM4\ARM_GCC_541\Debug\stdio_user.o
                0x10080c48                STDIO_PutChar
 .text.STDIO_GetChar
                0x10080c60       0x1c .\CortexM4\ARM_GCC_541\Debug\stdio_user.o
                0x10080c60                STDIO_GetChar
 .text.GraphicLCDIntf_1_Init
                0x10080c7c       0x14 .\CortexM4\ARM_GCC_541\Debug\GraphicLCDIntf_1.o
                0x10080c7c                GraphicLCDIntf_1_Init
 .text.GraphicLCDIntf_1_Start
                0x10080c90       0x18 .\CortexM4\ARM_GCC_541\Debug\GraphicLCDIntf_1.o
                0x10080c90                GraphicLCDIntf_1_Start
 .text.GraphicLCDIntf_1_WriteM8
                0x10080ca8       0x30 .\CortexM4\ARM_GCC_541\Debug\GraphicLCDIntf_1.o
                0x10080ca8                GraphicLCDIntf_1_WriteM8
 .text.GraphicLCDIntf_1_Read8
                0x10080cd8       0x30 .\CortexM4\ARM_GCC_541\Debug\GraphicLCDIntf_1.o
                0x10080cd8                GraphicLCDIntf_1_Read8
 .text.GraphicLCDIntf_1_ReadM8
                0x10080d08       0x1c .\CortexM4\ARM_GCC_541\Debug\GraphicLCDIntf_1.o
                0x10080d08                GraphicLCDIntf_1_ReadM8
 .text.GraphicLCDIntf_1_Write8_A0
                0x10080d24       0x20 .\CortexM4\ARM_GCC_541\Debug\GraphicLCDIntf_1.o
                0x10080d24                GraphicLCDIntf_1_Write8_A0
 .text.GraphicLCDIntf_1_Write8_A1
                0x10080d44       0x20 .\CortexM4\ARM_GCC_541\Debug\GraphicLCDIntf_1.o
                0x10080d44                GraphicLCDIntf_1_Write8_A1
 .text.GraphicLCDIntf_1_WriteM8_A1
                0x10080d64       0x10 .\CortexM4\ARM_GCC_541\Debug\GraphicLCDIntf_1.o
                0x10080d64                GraphicLCDIntf_1_WriteM8_A1
 .text.GraphicLCDIntf_1_Read8_A1
                0x10080d74        0xc .\CortexM4\ARM_GCC_541\Debug\GraphicLCDIntf_1.o
                0x10080d74                GraphicLCDIntf_1_Read8_A1
 .text.GraphicLCDIntf_1_ReadM8_A1
                0x10080d80       0x10 .\CortexM4\ARM_GCC_541\Debug\GraphicLCDIntf_1.o
                0x10080d80                GraphicLCDIntf_1_ReadM8_A1
 .text.Cy_Flash_ProcessOpcode
                0x10080d90       0xac .\CortexM4\ARM_GCC_541\Debug\cy_flash.o
 .text.Cy_Flash_OperationStatus
                0x10080e3c       0x5c .\CortexM4\ARM_GCC_541\Debug\cy_flash.o
 .text.Cy_Flash_InitExt
                0x10080e98       0x80 .\CortexM4\ARM_GCC_541\Debug\cy_flash.o
                0x10080e98                Cy_Flash_InitExt
 .text.Cy_Flash_Init
                0x10080f18       0x10 .\CortexM4\ARM_GCC_541\Debug\cy_flash.o
                0x10080f18                Cy_Flash_Init
 .text.Cy_GPIO_Pin_FastInit
                0x10080f28       0xf8 .\CortexM4\ARM_GCC_541\Debug\cy_gpio.o
                0x10080f28                Cy_GPIO_Pin_FastInit
 .text.Cy_IPC_Drv_LockRelease
                0x10081020       0x3c .\CortexM4\ARM_GCC_541\Debug\cy_ipc_drv.o
                0x10081020                Cy_IPC_Drv_LockRelease
 .text.Cy_IPC_Drv_SendMsgWord
                0x1008105c       0x3c .\CortexM4\ARM_GCC_541\Debug\cy_ipc_drv.o
                0x1008105c                Cy_IPC_Drv_SendMsgWord
 .text.Cy_IPC_Drv_ReadMsgWord
                0x10081098       0x38 .\CortexM4\ARM_GCC_541\Debug\cy_ipc_drv.o
                0x10081098                Cy_IPC_Drv_ReadMsgWord
 .text.Cy_IPC_Sema_InitExt
                0x100810d0       0xac .\CortexM4\ARM_GCC_541\Debug\cy_ipc_sema.o
                0x100810d0                Cy_IPC_Sema_InitExt
 .text.Cy_IPC_Sema_Init
                0x1008117c       0x64 .\CortexM4\ARM_GCC_541\Debug\cy_ipc_sema.o
                0x1008117c                Cy_IPC_Sema_Init
 .text.Cy_IPC_Sema_Clear
                0x100811e0       0x88 .\CortexM4\ARM_GCC_541\Debug\cy_ipc_sema.o
                0x100811e0                Cy_IPC_Sema_Clear
 .text.Cy_IPC_Sema_Status
                0x10081268       0x40 .\CortexM4\ARM_GCC_541\Debug\cy_ipc_sema.o
                0x10081268                Cy_IPC_Sema_Status
 .text.Cy_IPC_Pipe_Config
                0x100812a8       0x10 .\CortexM4\ARM_GCC_541\Debug\cy_ipc_pipe.o
                0x100812a8                Cy_IPC_Pipe_Config
 .text.Cy_IPC_Pipe_EndpointInit
                0x100812b8       0xd0 .\CortexM4\ARM_GCC_541\Debug\cy_ipc_pipe.o
                0x100812b8                Cy_IPC_Pipe_EndpointInit
 .text.Cy_IPC_Pipe_Init
                0x10081388       0xb4 .\CortexM4\ARM_GCC_541\Debug\cy_ipc_pipe.o
                0x10081388                Cy_IPC_Pipe_Init
 .text.Cy_IPC_Pipe_SendMessage
                0x1008143c       0xa4 .\CortexM4\ARM_GCC_541\Debug\cy_ipc_pipe.o
                0x1008143c                Cy_IPC_Pipe_SendMessage
 .text.Cy_IPC_Pipe_RegisterCallback
                0x100814e0       0x50 .\CortexM4\ARM_GCC_541\Debug\cy_ipc_pipe.o
                0x100814e0                Cy_IPC_Pipe_RegisterCallback
 .text.Cy_IPC_Pipe_ExecCallback
                0x10081530       0xbc .\CortexM4\ARM_GCC_541\Debug\cy_ipc_pipe.o
                0x10081530                Cy_IPC_Pipe_ExecCallback
 .text.Cy_IPC_Pipe_ExecuteCallback
                0x100815ec       0x2c .\CortexM4\ARM_GCC_541\Debug\cy_ipc_pipe.o
                0x100815ec                Cy_IPC_Pipe_ExecuteCallback
 .text.Cy_SysInt_SetVector
                0x10081618       0x48 .\CortexM4\ARM_GCC_541\Debug\cy_sysint.o
                0x10081618                Cy_SysInt_SetVector
 .text.Cy_SysInt_Init
                0x10081660       0x74 .\CortexM4\ARM_GCC_541\Debug\cy_sysint.o
                0x10081660                Cy_SysInt_Init
 .text.Cy_SysLib_Delay
                0x100816d4       0x30 .\CortexM4\ARM_GCC_541\Debug\cy_syslib.o
                0x100816d4                Cy_SysLib_Delay
 .text.Cy_SysLib_DelayUs
                0x10081704       0x14 .\CortexM4\ARM_GCC_541\Debug\cy_syslib.o
                0x10081704                Cy_SysLib_DelayUs
 .text.Cy_SysLib_Halt
                0x10081718        0x4 .\CortexM4\ARM_GCC_541\Debug\cy_syslib.o
                0x10081718                Cy_SysLib_Halt
 .text.Cy_SysLib_AssertFailed
                0x1008171c       0x1c .\CortexM4\ARM_GCC_541\Debug\cy_syslib.o
                0x1008171c                Cy_SysLib_AssertFailed
 .text.Cy_SysLib_ProcessingFault
                0x10081738        0x4 .\CortexM4\ARM_GCC_541\Debug\cy_syslib.o
                0x10081738                Cy_SysLib_ProcessingFault
 .text.Cy_SysLib_FaultHandler
                0x1008173c       0xa4 .\CortexM4\ARM_GCC_541\Debug\cy_syslib.o
                0x1008173c                Cy_SysLib_FaultHandler
 .text          0x100817e0       0x20 .\CortexM4\ARM_GCC_541\Debug\cy_syslib_gcc.o
                0x100817e0                Cy_SysLib_DelayCycles
                0x100817f2                Cy_SysLib_EnterCriticalSection
                0x100817fa                Cy_SysLib_ExitCriticalSection
 .text.Cy_SysTick_ServiceCallbacks
                0x10081800       0x2c .\CortexM4\ARM_GCC_541\Debug\cy_systick.o
 .text.Cy_SysTick_Enable
                0x1008182c       0x18 .\CortexM4\ARM_GCC_541\Debug\cy_systick.o
                0x1008182c                Cy_SysTick_Enable
 .text.Cy_SysTick_SetClockSource
                0x10081844       0x38 .\CortexM4\ARM_GCC_541\Debug\cy_systick.o
                0x10081844                Cy_SysTick_SetClockSource
 .text.Cy_SysTick_Init
                0x1008187c       0x44 .\CortexM4\ARM_GCC_541\Debug\cy_systick.o
                0x1008187c                Cy_SysTick_Init
 .text.Cy_SysTick_SetCallback
                0x100818c0       0x1c .\CortexM4\ARM_GCC_541\Debug\cy_systick.o
                0x100818c0                Cy_SysTick_SetCallback
 .text.Cy_SysTick_GetCallback
                0x100818dc       0x14 .\CortexM4\ARM_GCC_541\Debug\cy_systick.o
                0x100818dc                Cy_SysTick_GetCallback
 .text.Cy_PDL_Init
                0x100818f0        0xc .\CortexM4\ARM_GCC_541\Debug\cy_device.o
                0x100818f0                Cy_PDL_Init
 .text.Cy_SCB_ReadArrayNoCheck
                0x100818fc       0x38 .\CortexM4\ARM_GCC_541\Debug\cy_scb_common.o
                0x100818fc                Cy_SCB_ReadArrayNoCheck
 .text.Cy_SCB_ReadArray
                0x10081934       0x1c .\CortexM4\ARM_GCC_541\Debug\cy_scb_common.o
                0x10081934                Cy_SCB_ReadArray
 .text.Cy_SCB_Write
                0x10081950       0x28 .\CortexM4\ARM_GCC_541\Debug\cy_scb_common.o
                0x10081950                Cy_SCB_Write
 .text.Cy_SCB_WriteArrayNoCheck
                0x10081978       0x38 .\CortexM4\ARM_GCC_541\Debug\cy_scb_common.o
                0x10081978                Cy_SCB_WriteArrayNoCheck
 .text.Cy_SCB_WriteArray
                0x100819b0       0x2c .\CortexM4\ARM_GCC_541\Debug\cy_scb_common.o
                0x100819b0                Cy_SCB_WriteArray
 .text.HandleDataTransmit
                0x100819dc       0xdc .\CortexM4\ARM_GCC_541\Debug\cy_scb_uart.o
 .text.HandleDataReceive
                0x10081ab8       0xf8 .\CortexM4\ARM_GCC_541\Debug\cy_scb_uart.o
 .text.Cy_SCB_UART_Init
                0x10081bb0      0x364 .\CortexM4\ARM_GCC_541\Debug\cy_scb_uart.o
                0x10081bb0                Cy_SCB_UART_Init
 .text.Cy_SCB_UART_GetNumInRingBuffer
                0x10081f14       0x18 .\CortexM4\ARM_GCC_541\Debug\cy_scb_uart.o
                0x10081f14                Cy_SCB_UART_GetNumInRingBuffer
 .text.HandleRingBuffer
                0x10081f2c       0xcc .\CortexM4\ARM_GCC_541\Debug\cy_scb_uart.o
 .text.Cy_SCB_UART_Interrupt
                0x10081ff8       0xe8 .\CortexM4\ARM_GCC_541\Debug\cy_scb_uart.o
                0x10081ff8                Cy_SCB_UART_Interrupt
 .text.Cy_SAR_Init
                0x100820e0      0x200 .\CortexM4\ARM_GCC_541\Debug\cy_sar.o
                0x100820e0                Cy_SAR_Init
 .text.Cy_SAR_DeInit
                0x100822e0       0x70 .\CortexM4\ARM_GCC_541\Debug\cy_sar.o
                0x100822e0                Cy_SAR_DeInit
 .text.Cy_SAR_Enable
                0x10082350       0x20 .\CortexM4\ARM_GCC_541\Debug\cy_sar.o
                0x10082350                Cy_SAR_Enable
 .text.Cy_SAR_StartConvert
                0x10082370       0x2c .\CortexM4\ARM_GCC_541\Debug\cy_sar.o
                0x10082370                Cy_SAR_StartConvert
 .text.Cy_SAR_IsChannelSingleEnded
                0x1008239c       0x34 .\CortexM4\ARM_GCC_541\Debug\cy_sar.o
                0x1008239c                Cy_SAR_IsChannelSingleEnded
 .text.Cy_SAR_IsChannelSigned
                0x100823d0       0x54 .\CortexM4\ARM_GCC_541\Debug\cy_sar.o
                0x100823d0                Cy_SAR_IsChannelSigned
 .text.Cy_SAR_GetResult32
                0x10082424       0x3c .\CortexM4\ARM_GCC_541\Debug\cy_sar.o
                0x10082424                Cy_SAR_GetResult32
 .text._write   0x10082460       0x24 .\CortexM4\ARM_GCC_541\Debug\retarget.o
                0x10082460                _write
 .text._read    0x10082484       0x2c .\CortexM4\ARM_GCC_541\Debug\retarget.o
                0x10082484                _read
 .text.UART_Interrupt
                0x100824b0       0x14 .\CortexM4\ARM_GCC_541\Debug\UART.o
 .text.UART_Start
                0x100824c4       0x64 .\CortexM4\ARM_GCC_541\Debug\UART.o
                0x100824c4                UART_Start
 .text.CapSense_Initialize
                0x10082528       0x24 .\CortexM4\ARM_GCC_541\Debug\CapSense_Control.o
                0x10082528                CapSense_Initialize
 .text.CapSense_Start
                0x1008254c       0x2c .\CortexM4\ARM_GCC_541\Debug\CapSense_Control.o
                0x1008254c                CapSense_Start
 .text.CapSense_ProcessAllWidgets
                0x10082578       0x44 .\CortexM4\ARM_GCC_541\Debug\CapSense_Control.o
                0x10082578                CapSense_ProcessAllWidgets
 .text.CapSense_DpInitialize
                0x100825bc       0x58 .\CortexM4\ARM_GCC_541\Debug\CapSense_Processing.o
                0x100825bc                CapSense_DpInitialize
 .text.CapSense_DpUpdateDifferences
                0x10082614       0x18 .\CortexM4\ARM_GCC_541\Debug\CapSense_Processing.o
                0x10082614                CapSense_DpUpdateDifferences
 .text.CapSense_DpProcessCsxWidgetRawCounts
                0x1008262c       0x38 .\CortexM4\ARM_GCC_541\Debug\CapSense_Processing.o
                0x1008262c                CapSense_DpProcessCsxWidgetRawCounts
 .text.CapSense_DpProcessButton
                0x10082664       0x64 .\CortexM4\ARM_GCC_541\Debug\CapSense_Processing.o
                0x10082664                CapSense_DpProcessButton
 .text.CapSense_DpProcessCsxWidgetStatus
                0x100826c8       0x64 .\CortexM4\ARM_GCC_541\Debug\CapSense_Processing.o
                0x100826c8                CapSense_DpProcessCsxWidgetStatus
 .text.CapSense_DsInitialize
                0x1008272c       0x80 .\CortexM4\ARM_GCC_541\Debug\CapSense_Structure.o
                0x1008272c                CapSense_DsInitialize
 .text.CapSense_IsWidgetActive
                0x100827ac       0x28 .\CortexM4\ARM_GCC_541\Debug\CapSense_Structure.o
                0x100827ac                CapSense_IsWidgetActive
 .text.CapSense_TuInitialize
                0x100827d4       0x14 .\CortexM4\ARM_GCC_541\Debug\CapSense_Tuner.o
                0x100827d4                CapSense_TuInitialize
 .text.CapSense_FtInitialize
                0x100827e8        0x4 .\CortexM4\ARM_GCC_541\Debug\CapSense_Filter.o
                0x100827e8                CapSense_FtInitialize
 .text.CapSense_FtInitializeBaselineChannel
                0x100827ec       0x20 .\CortexM4\ARM_GCC_541\Debug\CapSense_Filter.o
                0x100827ec                CapSense_FtInitializeBaselineChannel
 .text.CapSense_FtInitializeBaseline
                0x1008280c       0x20 .\CortexM4\ARM_GCC_541\Debug\CapSense_Filter.o
                0x1008280c                CapSense_FtInitializeBaseline
 .text.CapSense_InitializeSensorBaseline
                0x1008282c       0x20 .\CortexM4\ARM_GCC_541\Debug\CapSense_Filter.o
                0x1008282c                CapSense_InitializeSensorBaseline
 .text.CapSense_InitializeWidgetBaseline
                0x1008284c       0x24 .\CortexM4\ARM_GCC_541\Debug\CapSense_Filter.o
                0x1008284c                CapSense_InitializeWidgetBaseline
 .text.CapSense_InitializeAllBaselines
                0x10082870       0x18 .\CortexM4\ARM_GCC_541\Debug\CapSense_Filter.o
                0x10082870                CapSense_InitializeAllBaselines
 .text.CapSense_FtIIR1stOrder
                0x10082888       0x14 .\CortexM4\ARM_GCC_541\Debug\CapSense_Filter.o
                0x10082888                CapSense_FtIIR1stOrder
 .text.CapSense_FtUpdateBaseline
                0x1008289c       0xa0 .\CortexM4\ARM_GCC_541\Debug\CapSense_Filter.o
                0x1008289c                CapSense_FtUpdateBaseline
 .text.CapSense_UpdateSensorBaseline
                0x1008293c       0x20 .\CortexM4\ARM_GCC_541\Debug\CapSense_Filter.o
                0x1008293c                CapSense_UpdateSensorBaseline
 .text.CapSense_UpdateWidgetBaseline
                0x1008295c       0x2c .\CortexM4\ARM_GCC_541\Debug\CapSense_Filter.o
                0x1008295c                CapSense_UpdateWidgetBaseline
 .text.CapSense_UpdateAllBaselines
                0x10082988       0x1c .\CortexM4\ARM_GCC_541\Debug\CapSense_Filter.o
                0x10082988                CapSense_UpdateAllBaselines
 .text.CapSense_SsCalcLfsrSize
                0x100829a4       0xb0 .\CortexM4\ARM_GCC_541\Debug\CapSense_Sensing.o
 .text.CapSense_SsCalcLfsrScale
                0x10082a54       0x38 .\CortexM4\ARM_GCC_541\Debug\CapSense_Sensing.o
 .text.CapSense_IsBusy
                0x10082a8c       0x10 .\CortexM4\ARM_GCC_541\Debug\CapSense_Sensing.o
                0x10082a8c                CapSense_IsBusy
 .text.CapSense_SetBusyFlags
                0x10082a9c       0x18 .\CortexM4\ARM_GCC_541\Debug\CapSense_Sensing.o
                0x10082a9c                CapSense_SetBusyFlags
 .text.CapSense_ClrBusyFlags
                0x10082ab4       0x18 .\CortexM4\ARM_GCC_541\Debug\CapSense_Sensing.o
                0x10082ab4                CapSense_ClrBusyFlags
 .text.CapSense_SetupWidget
                0x10082acc       0x44 .\CortexM4\ARM_GCC_541\Debug\CapSense_Sensing.o
                0x10082acc                CapSense_SetupWidget
 .text.CapSense_Scan
                0x10082b10       0x1c .\CortexM4\ARM_GCC_541\Debug\CapSense_Sensing.o
                0x10082b10                CapSense_Scan
 .text.CapSense_ScanAllWidgets
                0x10082b2c       0x50 .\CortexM4\ARM_GCC_541\Debug\CapSense_Sensing.o
                0x10082b2c                CapSense_ScanAllWidgets
 .text.CapSense_SsSetIOsInDefaultState
                0x10082b7c       0x28 .\CortexM4\ARM_GCC_541\Debug\CapSense_Sensing.o
                0x10082b7c                CapSense_SsSetIOsInDefaultState
 .text.CapSense_SsPostAllWidgetsScan
                0x10082ba4       0x78 .\CortexM4\ARM_GCC_541\Debug\CapSense_Sensing.o
                0x10082ba4                CapSense_SsPostAllWidgetsScan
 .text.CapSense_SsIsrInitialize
                0x10082c1c       0x58 .\CortexM4\ARM_GCC_541\Debug\CapSense_Sensing.o
                0x10082c1c                CapSense_SsIsrInitialize
 .text.CapSense_CalibrateWidget
                0x10082c74       0x18 .\CortexM4\ARM_GCC_541\Debug\CapSense_Sensing.o
                0x10082c74                CapSense_CalibrateWidget
 .text.CapSense_CalibrateAllWidgets
                0x10082c8c       0x1c .\CortexM4\ARM_GCC_541\Debug\CapSense_Sensing.o
                0x10082c8c                CapSense_CalibrateAllWidgets
 .text.CapSense_SsInitializeSourceSenseClk
                0x10082ca8       0x3c .\CortexM4\ARM_GCC_541\Debug\CapSense_Sensing.o
                0x10082ca8                CapSense_SsInitializeSourceSenseClk
 .text.CapSense_SsInitialize
                0x10082ce4       0x14 .\CortexM4\ARM_GCC_541\Debug\CapSense_Sensing.o
                0x10082ce4                CapSense_SsInitialize
 .text.CapSense_BistDischargeExtCapacitors
                0x10082cf8       0x88 .\CortexM4\ARM_GCC_541\Debug\CapSense_Sensing.o
                0x10082cf8                CapSense_BistDischargeExtCapacitors
 .text.CapSense_SsCalcCsxScanPeriod
                0x10082d80       0x10 .\CortexM4\ARM_GCC_541\Debug\CapSense_SensingCSX_LL.o
 .text.CapSense_CSXScanISR
                0x10082d90       0xd0 .\CortexM4\ARM_GCC_541\Debug\CapSense_SensingCSX_LL.o
                0x10082d90                CapSense_CSXScanISR
 .text.CapSense_SsCSXStartSample
                0x10082e60      0x14c .\CortexM4\ARM_GCC_541\Debug\CapSense_SensingCSX_LL.o
 .text.CapSense_CSXInitialize
                0x10082fac      0x15c .\CortexM4\ARM_GCC_541\Debug\CapSense_SensingCSX_LL.o
                0x10082fac                CapSense_CSXInitialize
 .text.CapSense_CSXCalibrateWidget
                0x10083108       0xc4 .\CortexM4\ARM_GCC_541\Debug\CapSense_SensingCSX_LL.o
                0x10083108                CapSense_CSXCalibrateWidget
 .text.CapSense_CSXConnectTx
                0x100831cc       0xa0 .\CortexM4\ARM_GCC_541\Debug\CapSense_SensingCSX_LL.o
                0x100831cc                CapSense_CSXConnectTx
 .text.CapSense_CSXConnectRx
                0x1008326c       0x9c .\CortexM4\ARM_GCC_541\Debug\CapSense_SensingCSX_LL.o
                0x1008326c                CapSense_CSXConnectRx
 .text.CapSense_CSXScan
                0x10083308       0x60 .\CortexM4\ARM_GCC_541\Debug\CapSense_SensingCSX_LL.o
                0x10083308                CapSense_CSXScan
 .text.CapSense_CSXDisconnectTx
                0x10083368       0x64 .\CortexM4\ARM_GCC_541\Debug\CapSense_SensingCSX_LL.o
                0x10083368                CapSense_CSXDisconnectTx
 .text.CapSense_CSXDisconnectRx
                0x100833cc       0xac .\CortexM4\ARM_GCC_541\Debug\CapSense_SensingCSX_LL.o
                0x100833cc                CapSense_CSXDisconnectRx
 .text.CapSense_SsCSXPostMultiScan
                0x10083478       0xd0 .\CortexM4\ARM_GCC_541\Debug\CapSense_SensingCSX_LL.o
 .text.CapSense_CSXElectrodeCheck
                0x10083548       0x24 .\CortexM4\ARM_GCC_541\Debug\CapSense_SensingCSX_LL.o
                0x10083548                CapSense_CSXElectrodeCheck
 .text.CapSense_CSXSetupWidget
                0x1008356c       0x84 .\CortexM4\ARM_GCC_541\Debug\CapSense_SensingCSX_LL.o
                0x1008356c                CapSense_CSXSetupWidget
 .text.CapSense_SsCSXGetTxClkDivider
                0x100835f0       0x10 .\CortexM4\ARM_GCC_541\Debug\CapSense_SensingCSX_LL.o
                0x100835f0                CapSense_SsCSXGetTxClkDivider
 .text.ADC_InitConfig
                0x10083600       0x84 .\CortexM4\ARM_GCC_541\Debug\ADC.o
                0x10083600                ADC_InitConfig
 .text.ADC_StartConvert
                0x10083684       0x24 .\CortexM4\ARM_GCC_541\Debug\ADC.o
                0x10083684                ADC_StartConvert
 .text.ADC_Init
                0x100836a8       0x34 .\CortexM4\ARM_GCC_541\Debug\ADC.o
                0x100836a8                ADC_Init
 .text.ADC_Start
                0x100836dc       0x2c .\CortexM4\ARM_GCC_541\Debug\ADC.o
                0x100836dc                ADC_Start
 .text.ADC_ISR  0x10083708       0x30 .\CortexM4\ARM_GCC_541\Debug\ADC_INT.o
                0x10083708                ADC_ISR
 .text._PushFreeBlock
                0x10083738       0x20 Generated_Source\PSoC6\pdl\middleware\emWin\libs\GCC\libemWin_nosnts_gcc.a(GUI_Alloc.o)
 .text._RemoveFreeBlock
                0x10083758       0x44 Generated_Source\PSoC6\pdl\middleware\emWin\libs\GCC\libemWin_nosnts_gcc.a(GUI_Alloc.o)
 .text._AddFreeMemory
                0x1008379c       0xa8 Generated_Source\PSoC6\pdl\middleware\emWin\libs\GCC\libemWin_nosnts_gcc.a(GUI_Alloc.o)
 .text._RemoveHoles
                0x10083844       0x94 Generated_Source\PSoC6\pdl\middleware\emWin\libs\GCC\libemWin_nosnts_gcc.a(GUI_Alloc.o)
 .text.GUI_ALLOC_FreeFixedBlock
                0x100838d8       0x18 Generated_Source\PSoC6\pdl\middleware\emWin\libs\GCC\libemWin_nosnts_gcc.a(GUI_Alloc.o)
                0x100838d8                GUI_ALLOC_FreeFixedBlock
 .text.GUI_ALLOC_h2p
                0x100838f0       0x14 Generated_Source\PSoC6\pdl\middleware\emWin\libs\GCC\libemWin_nosnts_gcc.a(GUI_Alloc.o)
                0x100838f0                GUI_ALLOC_h2p
 .text.GUI_ALLOC_LockH
                0x10083904       0x20 Generated_Source\PSoC6\pdl\middleware\emWin\libs\GCC\libemWin_nosnts_gcc.a(GUI_Alloc.o)
                0x10083904                GUI_ALLOC_LockH
 .text.GUI_ALLOC_UnlockH
                0x10083924       0x30 Generated_Source\PSoC6\pdl\middleware\emWin\libs\GCC\libemWin_nosnts_gcc.a(GUI_Alloc.o)
                0x10083924                GUI_ALLOC_UnlockH
 .text.GUI_ALLOC_AssignMemory
                0x10083954       0x10 Generated_Source\PSoC6\pdl\middleware\emWin\libs\GCC\libemWin_nosnts_gcc.a(GUI_Alloc.o)
                0x10083954                GUI_ALLOC_AssignMemory
 .text.GUI_ALLOC_Free
                0x10083964       0x24 Generated_Source\PSoC6\pdl\middleware\emWin\libs\GCC\libemWin_nosnts_gcc.a(GUI_Alloc.o)
                0x10083964                GUI_ALLOC_Free
 .text._EnlargeBlocks
                0x10083988       0x98 Generated_Source\PSoC6\pdl\middleware\emWin\libs\GCC\libemWin_nosnts_gcc.a(GUI_Alloc.o)
 .text._InitOnce
                0x10083a20       0x6c Generated_Source\PSoC6\pdl\middleware\emWin\libs\GCC\libemWin_nosnts_gcc.a(GUI_Alloc.o)
 .text.GUI_ALLOC_GetFixedBlock
                0x10083a8c       0xb8 Generated_Source\PSoC6\pdl\middleware\emWin\libs\GCC\libemWin_nosnts_gcc.a(GUI_Alloc.o)
                0x10083a8c                GUI_ALLOC_GetFixedBlock
 .text.GUI_ALLOC_GetMaxSize
                0x10083b44       0x40 Generated_Source\PSoC6\pdl\middleware\emWin\libs\GCC\libemWin_nosnts_gcc.a(GUI_Alloc.o)
                0x10083b44                GUI_ALLOC_GetMaxSize
 .text.GUI_ALLOC_RequestSize
                0x10083b84       0x2c Generated_Source\PSoC6\pdl\middleware\emWin\libs\GCC\libemWin_nosnts_gcc.a(GUI_Alloc.o)
                0x10083b84                GUI_ALLOC_RequestSize
 .text._Alloc   0x10083bb0      0x100 Generated_Source\PSoC6\pdl\middleware\emWin\libs\GCC\libemWin_nosnts_gcc.a(GUI_Alloc.o)
 .text.GUI_ALLOC_AllocNoInit
                0x10083cb0       0x12 Generated_Source\PSoC6\pdl\middleware\emWin\libs\GCC\libemWin_nosnts_gcc.a(GUI_Alloc.o)
                0x10083cb0                GUI_ALLOC_AllocNoInit
 *fill*         0x10083cc2        0x2 
 .text.GUI_ALLOC_AllocZero
                0x10083cc4       0x2c Generated_Source\PSoC6\pdl\middleware\emWin\libs\GCC\libemWin_nosnts_gcc.a(GUI_Alloc.o)
                0x10083cc4                GUI_ALLOC_AllocZero
 .text.GUIMONO_DispChar
                0x10083cf0      0x14c Generated_Source\PSoC6\pdl\middleware\emWin\libs\GCC\libemWin_nosnts_gcc.a(GUI_CharM.o)
                0x10083cf0                GUIMONO_DispChar
 .text.GUIMONO_GetCharDistX
                0x10083e3c       0x18 Generated_Source\PSoC6\pdl\middleware\emWin\libs\GCC\libemWin_nosnts_gcc.a(GUI_CharM.o)
                0x10083e3c                GUIMONO_GetCharDistX
 .text.GUIMONO_GetFontInfo
                0x10083e54        0x6 Generated_Source\PSoC6\pdl\middleware\emWin\libs\GCC\libemWin_nosnts_gcc.a(GUI_CharM.o)
                0x10083e54                GUIMONO_GetFontInfo
 .text.GUIMONO_IsInFont
                0x10083e5a       0x36 Generated_Source\PSoC6\pdl\middleware\emWin\libs\GCC\libemWin_nosnts_gcc.a(GUI_CharM.o)
                0x10083e5a                GUIMONO_IsInFont
 .text.GUIPROP__FindChar
                0x10083e90       0x16 Generated_Source\PSoC6\pdl\middleware\emWin\libs\GCC\libemWin_nosnts_gcc.a(GUI_CharP.o)
                0x10083e90                GUIPROP__FindChar
 *fill*         0x10083ea6        0x2 
 .text.GUIPROP_DispChar
                0x10083ea8       0xd4 Generated_Source\PSoC6\pdl\middleware\emWin\libs\GCC\libemWin_nosnts_gcc.a(GUI_CharP.o)
                0x10083ea8                GUIPROP_DispChar
 .text.GUIPROP_GetCharDistX
                0x10083f7c       0x38 Generated_Source\PSoC6\pdl\middleware\emWin\libs\GCC\libemWin_nosnts_gcc.a(GUI_CharP.o)
                0x10083f7c                GUIPROP_GetCharDistX
 .text.GUIPROP_GetFontInfo
                0x10083fb4        0x6 Generated_Source\PSoC6\pdl\middleware\emWin\libs\GCC\libemWin_nosnts_gcc.a(GUI_CharP.o)
                0x10083fb4                GUIPROP_GetFontInfo
 .text.GUIPROP_IsInFont
                0x10083fba       0x10 Generated_Source\PSoC6\pdl\middleware\emWin\libs\GCC\libemWin_nosnts_gcc.a(GUI_CharP.o)
                0x10083fba                GUIPROP_IsInFont
 .text.GUI_CalcColorDist
                0x10083fca       0x54 Generated_Source\PSoC6\pdl\middleware\emWin\libs\GCC\libemWin_nosnts_gcc.a(GUI_Common.o)
                0x10083fca                GUI_CalcColorDist
 .text.GUI_GetBkColor
                0x1008401e        0xc Generated_Source\PSoC6\pdl\middleware\emWin\libs\GCC\libemWin_nosnts_gcc.a(GUI_Common.o)
                0x1008401e                GUI_GetBkColor
 .text.GUI_GetColor
                0x1008402a        0xc Generated_Source\PSoC6\pdl\middleware\emWin\libs\GCC\libemWin_nosnts_gcc.a(GUI_Common.o)
                0x1008402a                GUI_GetColor
 *fill*         0x10084036        0x2 
 .text.GUI_GetOrg
                0x10084038       0x1c Generated_Source\PSoC6\pdl\middleware\emWin\libs\GCC\libemWin_nosnts_gcc.a(GUI_Common.o)
                0x10084038                GUI_GetOrg
 .text.GUI_MergeRect
                0x10084054       0x62 Generated_Source\PSoC6\pdl\middleware\emWin\libs\GCC\libemWin_nosnts_gcc.a(GUI_Common.o)
                0x10084054                GUI_MergeRect
 .text.GUI_MoveRect
                0x100840b6       0x22 Generated_Source\PSoC6\pdl\middleware\emWin\libs\GCC\libemWin_nosnts_gcc.a(GUI_Common.o)
                0x100840b6                GUI_MoveRect
 .text.GUI_Exec1
                0x100840d8       0x48 Generated_Source\PSoC6\pdl\middleware\emWin\libs\GCC\libemWin_nosnts_gcc.a(GUI_Common.o)
                0x100840d8                GUI_Exec1
 .text.GUI_Exec
                0x10084120       0x14 Generated_Source\PSoC6\pdl\middleware\emWin\libs\GCC\libemWin_nosnts_gcc.a(GUI_Common.o)
                0x10084120                GUI_Exec
 .text.GUI_GotoXY
                0x10084134       0x10 Generated_Source\PSoC6\pdl\middleware\emWin\libs\GCC\libemWin_nosnts_gcc.a(GUI_Common.o)
                0x10084134                GUI_GotoXY
 .text.GUI_SetPenSize
                0x10084144       0x10 Generated_Source\PSoC6\pdl\middleware\emWin\libs\GCC\libemWin_nosnts_gcc.a(GUI_Common.o)
                0x10084144                GUI_SetPenSize
 .text.GUI_RectsIntersect
                0x10084154       0x3c Generated_Source\PSoC6\pdl\middleware\emWin\libs\GCC\libemWin_nosnts_gcc.a(GUI_Common.o)
                0x10084154                GUI_RectsIntersect
 .text.GUI_SaveContext_W
                0x10084190       0x14 Generated_Source\PSoC6\pdl\middleware\emWin\libs\GCC\libemWin_nosnts_gcc.a(GUI_Common.o)
                0x10084190                GUI_SaveContext_W
 .text.GUI_RestoreContext
                0x100841a4       0x14 Generated_Source\PSoC6\pdl\middleware\emWin\libs\GCC\libemWin_nosnts_gcc.a(GUI_Common.o)
                0x100841a4                GUI_RestoreContext
 .text.GUI_SelectLCD
                0x100841b8       0x10 Generated_Source\PSoC6\pdl\middleware\emWin\libs\GCC\libemWin_nosnts_gcc.a(GUI_Common.o)
                0x100841b8                GUI_SelectLCD
 .text.GUI_SetBkColor
                0x100841c8        0x8 Generated_Source\PSoC6\pdl\middleware\emWin\libs\GCC\libemWin_nosnts_gcc.a(GUI_Common.o)
                0x100841c8                GUI_SetBkColor
 .text.GUI_SetColor
                0x100841d0        0x8 Generated_Source\PSoC6\pdl\middleware\emWin\libs\GCC\libemWin_nosnts_gcc.a(GUI_Common.o)
                0x100841d0                GUI_SetColor
 .text.GUI_SetDrawMode
                0x100841d8        0x8 Generated_Source\PSoC6\pdl\middleware\emWin\libs\GCC\libemWin_nosnts_gcc.a(GUI_Common.o)
                0x100841d8                GUI_SetDrawMode
 .text.GUI_SetFont
                0x100841e0       0x14 Generated_Source\PSoC6\pdl\middleware\emWin\libs\GCC\libemWin_nosnts_gcc.a(GUI_Common.o)
                0x100841e0                GUI_SetFont
 .text.GUI_SetLineStyle
                0x100841f4       0x10 Generated_Source\PSoC6\pdl\middleware\emWin\libs\GCC\libemWin_nosnts_gcc.a(GUI_Common.o)
                0x100841f4                GUI_SetLineStyle
 .text.GUI_SetOrg
                0x10084204       0x34 Generated_Source\PSoC6\pdl\middleware\emWin\libs\GCC\libemWin_nosnts_gcc.a(GUI_Common.o)
                0x10084204                GUI_SetOrg
 .text.GUI_SetTextAlign
                0x10084238       0x14 Generated_Source\PSoC6\pdl\middleware\emWin\libs\GCC\libemWin_nosnts_gcc.a(GUI_Common.o)
                0x10084238                GUI_SetTextAlign
 .text.GUI_SetTextMode
                0x1008424c       0x14 Generated_Source\PSoC6\pdl\middleware\emWin\libs\GCC\libemWin_nosnts_gcc.a(GUI_Common.o)
                0x1008424c                GUI_SetTextMode
 .text.GL_SetDefault
                0x10084260       0x48 Generated_Source\PSoC6\pdl\middleware\emWin\libs\GCC\libemWin_nosnts_gcc.a(GUI_Common.o)
                0x10084260                GL_SetDefault
 .text._OnExit  0x100842a8       0x44 Generated_Source\PSoC6\pdl\middleware\emWin\libs\GCC\libemWin_nosnts_gcc.a(GUI_Core.o)
 .text.GUI_SetDefaultFont
                0x100842ec        0xc Generated_Source\PSoC6\pdl\middleware\emWin\libs\GCC\libemWin_nosnts_gcc.a(GUI_Core.o)
                0x100842ec                GUI_SetDefaultFont
 .text.GUI_ClearRect
                0x100842f8       0x5c Generated_Source\PSoC6\pdl\middleware\emWin\libs\GCC\libemWin_nosnts_gcc.a(GUI_Core.o)
                0x100842f8                GUI_ClearRect
 .text.GUI_Clear
                0x10084354       0x20 Generated_Source\PSoC6\pdl\middleware\emWin\libs\GCC\libemWin_nosnts_gcc.a(GUI_Core.o)
                0x10084354                GUI_Clear
 .text.GUI__RegisterExit
                0x10084374       0x10 Generated_Source\PSoC6\pdl\middleware\emWin\libs\GCC\libemWin_nosnts_gcc.a(GUI_Core.o)
                0x10084374                GUI__RegisterExit
 .text.GUI__Config
                0x10084384       0x30 Generated_Source\PSoC6\pdl\middleware\emWin\libs\GCC\libemWin_nosnts_gcc.a(GUI_Core.o)
                0x10084384                GUI__Config
 .text.GUI_Init
                0x100843b4       0xf8 Generated_Source\PSoC6\pdl\middleware\emWin\libs\GCC\libemWin_nosnts_gcc.a(GUI_Core.o)
                0x100843b4                GUI_Init
 .text.GUI_DEVICE__GetpDriver
                0x100844ac       0x24 Generated_Source\PSoC6\pdl\middleware\emWin\libs\GCC\libemWin_nosnts_gcc.a(GUI_Device.o)
                0x100844ac                GUI_DEVICE__GetpDriver
 .text.GUI_DEVICE_Delete
                0x100844d0        0x8 Generated_Source\PSoC6\pdl\middleware\emWin\libs\GCC\libemWin_nosnts_gcc.a(GUI_Device.o)
                0x100844d0                GUI_DEVICE_Delete
 .text.GUI_DEVICE_Create
                0x100844d8       0x50 Generated_Source\PSoC6\pdl\middleware\emWin\libs\GCC\libemWin_nosnts_gcc.a(GUI_Device.o)
                0x100844d8                GUI_DEVICE_Create
 .text.GUI_DEVICE_Unlink
                0x10084528       0x38 Generated_Source\PSoC6\pdl\middleware\emWin\libs\GCC\libemWin_nosnts_gcc.a(GUI_Device.o)
                0x10084528                GUI_DEVICE_Unlink
 .text.GUI_DEVICE_Link
                0x10084560       0x8c Generated_Source\PSoC6\pdl\middleware\emWin\libs\GCC\libemWin_nosnts_gcc.a(GUI_Device.o)
                0x10084560                GUI_DEVICE_Link
 .text.GUI_DEVICE_CreateAndLink
                0x100845ec       0x2c Generated_Source\PSoC6\pdl\middleware\emWin\libs\GCC\libemWin_nosnts_gcc.a(GUI_Device.o)
                0x100845ec                GUI_DEVICE_CreateAndLink
 .text.GUI_DispString
                0x10084618      0x110 Generated_Source\PSoC6\pdl\middleware\emWin\libs\GCC\libemWin_nosnts_gcc.a(GUI_DispString.o)
                0x10084618                GUI_DispString
 .text.GUI_DispStringAt
                0x10084728       0x14 Generated_Source\PSoC6\pdl\middleware\emWin\libs\GCC\libemWin_nosnts_gcc.a(GUI_DispString.o)
                0x10084728                GUI_DispStringAt
 .text.GUI_StoreKey
                0x1008473c       0x18 Generated_Source\PSoC6\pdl\middleware\emWin\libs\GCC\libemWin_nosnts_gcc.a(GUI_OnKey.o)
                0x1008473c                GUI_StoreKey
 .text.GUI_PollKeyMsg
                0x10084754       0x34 Generated_Source\PSoC6\pdl\middleware\emWin\libs\GCC\libemWin_nosnts_gcc.a(GUI_OnKey.o)
                0x10084754                GUI_PollKeyMsg
 .text.GUI_Delay
                0x10084788       0x30 Generated_Source\PSoC6\pdl\middleware\emWin\libs\GCC\libemWin_nosnts_gcc.a(GUI_Time.o)
                0x10084788                GUI_Delay
 .text.GUI_UC__GetCharCodeInc
                0x100847b8       0x28 Generated_Source\PSoC6\pdl\middleware\emWin\libs\GCC\libemWin_nosnts_gcc.a(GUI_UC.o)
                0x100847b8                GUI_UC__GetCharCodeInc
 .text.GUI_UC__NumChars2NumBytes
                0x100847e0       0x28 Generated_Source\PSoC6\pdl\middleware\emWin\libs\GCC\libemWin_nosnts_gcc.a(GUI_UC.o)
                0x100847e0                GUI_UC__NumChars2NumBytes
 .text._GetCharCode
                0x10084808        0x4 Generated_Source\PSoC6\pdl\middleware\emWin\libs\GCC\libemWin_nosnts_gcc.a(GUI_UC_EncodeNone.o)
 .text._GetCharSize
                0x1008480c        0x4 Generated_Source\PSoC6\pdl\middleware\emWin\libs\GCC\libemWin_nosnts_gcc.a(GUI_UC_EncodeNone.o)
 .text._CalcSizeOfChar
                0x10084810        0x4 Generated_Source\PSoC6\pdl\middleware\emWin\libs\GCC\libemWin_nosnts_gcc.a(GUI_UC_EncodeNone.o)
 .text._Encode  0x10084814        0x6 Generated_Source\PSoC6\pdl\middleware\emWin\libs\GCC\libemWin_nosnts_gcc.a(GUI_UC_EncodeNone.o)
 *fill*         0x1008481a        0x2 
 .text.GUI_SignalEvent
                0x1008481c       0x14 Generated_Source\PSoC6\pdl\middleware\emWin\libs\GCC\libemWin_nosnts_gcc.a(GUI_WaitEvent.o)
                0x1008481c                GUI_SignalEvent
 .text.LCD_Index2Color_M565
                0x10084830       0x2c Generated_Source\PSoC6\pdl\middleware\emWin\libs\GCC\libemWin_nosnts_gcc.a(GUICC_M565.o)
                0x10084830                LCD_Index2Color_M565
 .text._Color2Index_M565
                0x1008485c       0x2c Generated_Source\PSoC6\pdl\middleware\emWin\libs\GCC\libemWin_nosnts_gcc.a(GUICC_M565.o)
 .text._GetIndexMask_M565
                0x10084888        0x8 Generated_Source\PSoC6\pdl\middleware\emWin\libs\GCC\libemWin_nosnts_gcc.a(GUICC_M565.o)
 .text._Color2IndexBulk
                0x10084890       0x50 Generated_Source\PSoC6\pdl\middleware\emWin\libs\GCC\libemWin_nosnts_gcc.a(GUICC_M565.o)
 .text._Index2ColorBulk
                0x100848e0       0x60 Generated_Source\PSoC6\pdl\middleware\emWin\libs\GCC\libemWin_nosnts_gcc.a(GUICC_M565.o)
 .text._Log2PhysY_X1Y0S0
                0x10084940        0x4 Generated_Source\PSoC6\pdl\middleware\emWin\libs\GCC\libemWin_nosnts_gcc.a(GUIDRV_FlexColor.o)
 .text._Log2PhysY_X1Y1S0
                0x10084944        0x8 Generated_Source\PSoC6\pdl\middleware\emWin\libs\GCC\libemWin_nosnts_gcc.a(GUIDRV_FlexColor.o)
 .text._Log2PhysY_X1Y0S1
                0x1008494c        0x4 Generated_Source\PSoC6\pdl\middleware\emWin\libs\GCC\libemWin_nosnts_gcc.a(GUIDRV_FlexColor.o)
 .text._Log2PhysY_X1Y1S1
                0x10084950        0x8 Generated_Source\PSoC6\pdl\middleware\emWin\libs\GCC\libemWin_nosnts_gcc.a(GUIDRV_FlexColor.o)
 .text._SetPixelIndex
                0x10084958        0xc Generated_Source\PSoC6\pdl\middleware\emWin\libs\GCC\libemWin_nosnts_gcc.a(GUIDRV_FlexColor.o)
 .text._GetPixelIndex
                0x10084964        0xc Generated_Source\PSoC6\pdl\middleware\emWin\libs\GCC\libemWin_nosnts_gcc.a(GUIDRV_FlexColor.o)
 .text._XorPixel
                0x10084970       0x22 Generated_Source\PSoC6\pdl\middleware\emWin\libs\GCC\libemWin_nosnts_gcc.a(GUIDRV_FlexColor.o)
 .text._DrawHLine
                0x10084992        0xe Generated_Source\PSoC6\pdl\middleware\emWin\libs\GCC\libemWin_nosnts_gcc.a(GUIDRV_FlexColor.o)
 .text._DrawVLine
                0x100849a0       0x10 Generated_Source\PSoC6\pdl\middleware\emWin\libs\GCC\libemWin_nosnts_gcc.a(GUIDRV_FlexColor.o)
 .text._FillRect
                0x100849b0       0x10 Generated_Source\PSoC6\pdl\middleware\emWin\libs\GCC\libemWin_nosnts_gcc.a(GUIDRV_FlexColor.o)
 .text._DrawBitmap
                0x100849c0       0x28 Generated_Source\PSoC6\pdl\middleware\emWin\libs\GCC\libemWin_nosnts_gcc.a(GUIDRV_FlexColor.o)
 .text._GetDevFunc_SetRect
                0x100849e8        0x2 Generated_Source\PSoC6\pdl\middleware\emWin\libs\GCC\libemWin_nosnts_gcc.a(GUIDRV_FlexColor.o)
 *fill*         0x100849ea        0x2 
 .text._GetDevFunc_SetRectOutside
                0x100849ec       0x40 Generated_Source\PSoC6\pdl\middleware\emWin\libs\GCC\libemWin_nosnts_gcc.a(GUIDRV_FlexColor.o)
 .text._ReadPixelCust_16bpp
                0x10084a2c        0xe Generated_Source\PSoC6\pdl\middleware\emWin\libs\GCC\libemWin_nosnts_gcc.a(GUIDRV_FlexColor.o)
 .text._ReadPixelCust_18bpp
                0x10084a3a        0xe Generated_Source\PSoC6\pdl\middleware\emWin\libs\GCC\libemWin_nosnts_gcc.a(GUIDRV_FlexColor.o)
 .text._ReadRectCust_16bpp
                0x10084a48       0x3e Generated_Source\PSoC6\pdl\middleware\emWin\libs\GCC\libemWin_nosnts_gcc.a(GUIDRV_FlexColor.o)
 .text._ReadRectCust_18bpp
                0x10084a86       0x3e Generated_Source\PSoC6\pdl\middleware\emWin\libs\GCC\libemWin_nosnts_gcc.a(GUIDRV_FlexColor.o)
 .text._GetDevFunc
                0x10084ac4       0x80 Generated_Source\PSoC6\pdl\middleware\emWin\libs\GCC\libemWin_nosnts_gcc.a(GUIDRV_FlexColor.o)
 .text._GetDevProp
                0x10084b44       0x60 Generated_Source\PSoC6\pdl\middleware\emWin\libs\GCC\libemWin_nosnts_gcc.a(GUIDRV_FlexColor.o)
 .text._GetDevData
                0x10084ba4        0xc Generated_Source\PSoC6\pdl\middleware\emWin\libs\GCC\libemWin_nosnts_gcc.a(GUIDRV_FlexColor.o)
 .text._GetRect
                0x10084bb0       0x16 Generated_Source\PSoC6\pdl\middleware\emWin\libs\GCC\libemWin_nosnts_gcc.a(GUIDRV_FlexColor.o)
 *fill*         0x10084bc6        0x2 
 .text.GUIDRV_FlexColor__SetLog2Phys
                0x10084bc8       0x40 Generated_Source\PSoC6\pdl\middleware\emWin\libs\GCC\libemWin_nosnts_gcc.a(GUIDRV_FlexColor.o)
                0x10084bc8                GUIDRV_FlexColor__SetLog2Phys
 .text._SetOrg  0x10084c08       0x22 Generated_Source\PSoC6\pdl\middleware\emWin\libs\GCC\libemWin_nosnts_gcc.a(GUIDRV_FlexColor.o)
 .text._Log2PhysY_X0Y0S1
                0x10084c2a        0x4 Generated_Source\PSoC6\pdl\middleware\emWin\libs\GCC\libemWin_nosnts_gcc.a(GUIDRV_FlexColor.o)
 .text._Log2PhysX_X0Y0S0
                0x10084c2e        0x4 Generated_Source\PSoC6\pdl\middleware\emWin\libs\GCC\libemWin_nosnts_gcc.a(GUIDRV_FlexColor.o)
 .text._Log2PhysX_X0Y1S0
                0x10084c32        0x4 Generated_Source\PSoC6\pdl\middleware\emWin\libs\GCC\libemWin_nosnts_gcc.a(GUIDRV_FlexColor.o)
 .text._Log2PhysX_X0Y0S1
                0x10084c36        0x4 Generated_Source\PSoC6\pdl\middleware\emWin\libs\GCC\libemWin_nosnts_gcc.a(GUIDRV_FlexColor.o)
 .text._Log2PhysX_X0Y1S1
                0x10084c3a        0x4 Generated_Source\PSoC6\pdl\middleware\emWin\libs\GCC\libemWin_nosnts_gcc.a(GUIDRV_FlexColor.o)
 .text._Log2PhysY_X0Y0S0
                0x10084c3e        0x4 Generated_Source\PSoC6\pdl\middleware\emWin\libs\GCC\libemWin_nosnts_gcc.a(GUIDRV_FlexColor.o)
 .text._Log2PhysY_X0Y1S0
                0x10084c42        0x8 Generated_Source\PSoC6\pdl\middleware\emWin\libs\GCC\libemWin_nosnts_gcc.a(GUIDRV_FlexColor.o)
 .text._Log2PhysX_X1Y0S0
                0x10084c4a        0x8 Generated_Source\PSoC6\pdl\middleware\emWin\libs\GCC\libemWin_nosnts_gcc.a(GUIDRV_FlexColor.o)
 .text._Log2PhysX_X1Y1S0
                0x10084c52        0x8 Generated_Source\PSoC6\pdl\middleware\emWin\libs\GCC\libemWin_nosnts_gcc.a(GUIDRV_FlexColor.o)
 .text._Log2PhysX_X1Y0S1
                0x10084c5a        0x8 Generated_Source\PSoC6\pdl\middleware\emWin\libs\GCC\libemWin_nosnts_gcc.a(GUIDRV_FlexColor.o)
 .text._Log2PhysX_X1Y1S1
                0x10084c62        0x8 Generated_Source\PSoC6\pdl\middleware\emWin\libs\GCC\libemWin_nosnts_gcc.a(GUIDRV_FlexColor.o)
 .text._Log2PhysY_X0Y1S1
                0x10084c6a        0x8 Generated_Source\PSoC6\pdl\middleware\emWin\libs\GCC\libemWin_nosnts_gcc.a(GUIDRV_FlexColor.o)
 .text.GUIDRV_FlexColor__SetPixelIndexNoCache
                0x10084c72       0x98 Generated_Source\PSoC6\pdl\middleware\emWin\libs\GCC\libemWin_nosnts_gcc.a(GUIDRV_FlexColor.o)
                0x10084c72                GUIDRV_FlexColor__SetPixelIndexNoCache
 .text.GUIDRV_FlexColor__GetPixelIndexNoCache
                0x10084d0a       0xd2 Generated_Source\PSoC6\pdl\middleware\emWin\libs\GCC\libemWin_nosnts_gcc.a(GUIDRV_FlexColor.o)
                0x10084d0a                GUIDRV_FlexColor__GetPixelIndexNoCache
 .text.GUIDRV_FlexColor__InitOnce
                0x10084ddc       0x3c Generated_Source\PSoC6\pdl\middleware\emWin\libs\GCC\libemWin_nosnts_gcc.a(GUIDRV_FlexColor.o)
                0x10084ddc                GUIDRV_FlexColor__InitOnce
 .text._SetDevFunc
                0x10084e18       0x9c Generated_Source\PSoC6\pdl\middleware\emWin\libs\GCC\libemWin_nosnts_gcc.a(GUIDRV_FlexColor.o)
 .text._GetDevFunc_Init
                0x10084eb4       0x56 Generated_Source\PSoC6\pdl\middleware\emWin\libs\GCC\libemWin_nosnts_gcc.a(GUIDRV_FlexColor.o)
 .text._GetDevFunc_SetSize
                0x10084f0a       0x14 Generated_Source\PSoC6\pdl\middleware\emWin\libs\GCC\libemWin_nosnts_gcc.a(GUIDRV_FlexColor.o)
 .text._GetDevFunc_SetVSize
                0x10084f1e       0x14 Generated_Source\PSoC6\pdl\middleware\emWin\libs\GCC\libemWin_nosnts_gcc.a(GUIDRV_FlexColor.o)
 .text._GetDevFunc_Off
                0x10084f32       0x14 Generated_Source\PSoC6\pdl\middleware\emWin\libs\GCC\libemWin_nosnts_gcc.a(GUIDRV_FlexColor.o)
 .text._GetDevFunc_On
                0x10084f46       0x14 Generated_Source\PSoC6\pdl\middleware\emWin\libs\GCC\libemWin_nosnts_gcc.a(GUIDRV_FlexColor.o)
 .text.GUIDRV_FlexColor_Config
                0x10084f5a       0x40 Generated_Source\PSoC6\pdl\middleware\emWin\libs\GCC\libemWin_nosnts_gcc.a(GUIDRV_FlexColor.o)
                0x10084f5a                GUIDRV_FlexColor_Config
 .text.GUIDRV_FlexColor_SetFunc
                0x10084f9a       0x30 Generated_Source\PSoC6\pdl\middleware\emWin\libs\GCC\libemWin_nosnts_gcc.a(GUIDRV_FlexColor.o)
                0x10084f9a                GUIDRV_FlexColor_SetFunc
 .text._WriteU16_A1
                0x10084fca       0x1c Generated_Source\PSoC6\pdl\middleware\emWin\libs\GCC\libemWin_nosnts_gcc.a(GUIDRV_FlexColor_16bpp_C0B8.o)
 .text._WriteDataMP
                0x10084fe6       0x4a Generated_Source\PSoC6\pdl\middleware\emWin\libs\GCC\libemWin_nosnts_gcc.a(GUIDRV_FlexColor_16bpp_C0B8.o)
 .text._ReadData
                0x10085030        0xc Generated_Source\PSoC6\pdl\middleware\emWin\libs\GCC\libemWin_nosnts_gcc.a(GUIDRV_FlexColor_16bpp_C0B8.o)
 .text._WriteData
                0x1008503c        0xa Generated_Source\PSoC6\pdl\middleware\emWin\libs\GCC\libemWin_nosnts_gcc.a(GUIDRV_FlexColor_16bpp_C0B8.o)
 *fill*         0x10085046        0x2 
 .text._FillRect
                0x10085048      0x124 Generated_Source\PSoC6\pdl\middleware\emWin\libs\GCC\libemWin_nosnts_gcc.a(GUIDRV_FlexColor_16bpp_C0B8.o)
 .text._DrawBitmap
                0x1008516c      0x540 Generated_Source\PSoC6\pdl\middleware\emWin\libs\GCC\libemWin_nosnts_gcc.a(GUIDRV_FlexColor_16bpp_C0B8.o)
 .text.GUIDRV_FlexColor_SetMode16bppC0B8
                0x100856ac       0x60 Generated_Source\PSoC6\pdl\middleware\emWin\libs\GCC\libemWin_nosnts_gcc.a(GUIDRV_FlexColor_16bpp_C0B8.o)
                0x100856ac                GUIDRV_FlexColor_SetMode16bppC0B8
 .text._SetPhysRAMAddr
                0x1008570c       0xac Generated_Source\PSoC6\pdl\middleware\emWin\libs\GCC\libemWin_nosnts_gcc.a(GUIDRV_FlexColor_Func66709.o)
 .text._SetRect
                0x100857b8       0xa8 Generated_Source\PSoC6\pdl\middleware\emWin\libs\GCC\libemWin_nosnts_gcc.a(GUIDRV_FlexColor_Func66709.o)
 .text._SetOrientation
                0x10085860       0x38 Generated_Source\PSoC6\pdl\middleware\emWin\libs\GCC\libemWin_nosnts_gcc.a(GUIDRV_FlexColor_Func66709.o)
 .text._ReadPixel_16bpp_B8
                0x10085898       0x32 Generated_Source\PSoC6\pdl\middleware\emWin\libs\GCC\libemWin_nosnts_gcc.a(GUIDRV_FlexColor_Func66709.o)
 .text._ReadPixel_16bpp_B16_I
                0x100858ca       0x3e Generated_Source\PSoC6\pdl\middleware\emWin\libs\GCC\libemWin_nosnts_gcc.a(GUIDRV_FlexColor_Func66709.o)
 .text._SetReg_B8
                0x10085908       0x16 Generated_Source\PSoC6\pdl\middleware\emWin\libs\GCC\libemWin_nosnts_gcc.a(GUIDRV_FlexColor_Func66709.o)
 .text._SetReg_B16
                0x1008591e        0xe Generated_Source\PSoC6\pdl\middleware\emWin\libs\GCC\libemWin_nosnts_gcc.a(GUIDRV_FlexColor_Func66709.o)
 .text._WritePara_B8
                0x1008592c        0xe Generated_Source\PSoC6\pdl\middleware\emWin\libs\GCC\libemWin_nosnts_gcc.a(GUIDRV_FlexColor_Func66709.o)
 .text._WritePara_B16
                0x1008593a        0xe Generated_Source\PSoC6\pdl\middleware\emWin\libs\GCC\libemWin_nosnts_gcc.a(GUIDRV_FlexColor_Func66709.o)
 .text._SetInterface
                0x10085948       0x38 Generated_Source\PSoC6\pdl\middleware\emWin\libs\GCC\libemWin_nosnts_gcc.a(GUIDRV_FlexColor_Func66709.o)
 .text._ReadRect_16bpp_B8
                0x10085980       0x5e Generated_Source\PSoC6\pdl\middleware\emWin\libs\GCC\libemWin_nosnts_gcc.a(GUIDRV_FlexColor_Func66709.o)
 .text._ReadRect_16bpp_B16_I
                0x100859de       0x64 Generated_Source\PSoC6\pdl\middleware\emWin\libs\GCC\libemWin_nosnts_gcc.a(GUIDRV_FlexColor_Func66709.o)
 *fill*         0x10085a42        0x2 
 .text.GUIDRV_FlexColor_SetFunc66709
                0x10085a44       0x68 Generated_Source\PSoC6\pdl\middleware\emWin\libs\GCC\libemWin_nosnts_gcc.a(GUIDRV_FlexColor_Func66709.o)
                0x10085a44                GUIDRV_FlexColor_SetFunc66709
 .text._SetDrawMode
                0x10085aac       0x28 Generated_Source\PSoC6\pdl\middleware\emWin\libs\GCC\libemWin_nosnts_gcc.a(LCD.o)
 .text.LCD_SetDrawMode
                0x10085ad4       0x10 Generated_Source\PSoC6\pdl\middleware\emWin\libs\GCC\libemWin_nosnts_gcc.a(LCD.o)
                0x10085ad4                LCD_SetDrawMode
 .text.LCD_DrawPixel
                0x10085ae4       0x5c Generated_Source\PSoC6\pdl\middleware\emWin\libs\GCC\libemWin_nosnts_gcc.a(LCD.o)
                0x10085ae4                LCD_DrawPixel
 .text.LCD_DrawHLine
                0x10085b40       0x4c Generated_Source\PSoC6\pdl\middleware\emWin\libs\GCC\libemWin_nosnts_gcc.a(LCD.o)
                0x10085b40                LCD_DrawHLine
 .text.LCD_FillRect
                0x10085b8c       0x54 Generated_Source\PSoC6\pdl\middleware\emWin\libs\GCC\libemWin_nosnts_gcc.a(LCD.o)
                0x10085b8c                LCD_FillRect
 .text.LCD__DrawBitmap_1bpp
                0x10085be0      0x1cc Generated_Source\PSoC6\pdl\middleware\emWin\libs\GCC\libemWin_nosnts_gcc.a(LCD.o)
                0x10085be0                LCD__DrawBitmap_1bpp
 .text.LCD_DrawBitmap
                0x10085dac      0x20c Generated_Source\PSoC6\pdl\middleware\emWin\libs\GCC\libemWin_nosnts_gcc.a(LCD.o)
                0x10085dac                LCD_DrawBitmap
 .text.LCD_SetClipRectMax
                0x10085fb8       0x20 Generated_Source\PSoC6\pdl\middleware\emWin\libs\GCC\libemWin_nosnts_gcc.a(LCD.o)
                0x10085fb8                LCD_SetClipRectMax
 .text.LCD_Init
                0x10085fd8       0x94 Generated_Source\PSoC6\pdl\middleware\emWin\libs\GCC\libemWin_nosnts_gcc.a(LCD.o)
                0x10085fd8                LCD_Init
 .text.LCD_Color2Index
                0x1008606c       0x20 Generated_Source\PSoC6\pdl\middleware\emWin\libs\GCC\libemWin_nosnts_gcc.a(LCD.o)
                0x1008606c                LCD_Color2Index
 .text.LCD_Index2Color
                0x1008608c       0x20 Generated_Source\PSoC6\pdl\middleware\emWin\libs\GCC\libemWin_nosnts_gcc.a(LCD.o)
                0x1008608c                LCD_Index2Color
 .text.LCD_SetColorIndex
                0x100860ac       0x18 Generated_Source\PSoC6\pdl\middleware\emWin\libs\GCC\libemWin_nosnts_gcc.a(LCD.o)
                0x100860ac                LCD_SetColorIndex
 .text._SetColor
                0x100860c4       0x1c Generated_Source\PSoC6\pdl\middleware\emWin\libs\GCC\libemWin_nosnts_gcc.a(LCD.o)
 .text.LCD_SetBkColorIndex
                0x100860e0       0x18 Generated_Source\PSoC6\pdl\middleware\emWin\libs\GCC\libemWin_nosnts_gcc.a(LCD.o)
                0x100860e0                LCD_SetBkColorIndex
 .text._SetBkColor
                0x100860f8       0x1c Generated_Source\PSoC6\pdl\middleware\emWin\libs\GCC\libemWin_nosnts_gcc.a(LCD.o)
 .text.LCD_SetBkColor
                0x10086114       0x10 Generated_Source\PSoC6\pdl\middleware\emWin\libs\GCC\libemWin_nosnts_gcc.a(LCD.o)
                0x10086114                LCD_SetBkColor
 .text.LCD_SetColor
                0x10086124       0x10 Generated_Source\PSoC6\pdl\middleware\emWin\libs\GCC\libemWin_nosnts_gcc.a(LCD.o)
                0x10086124                LCD_SetColor
 .text._OnExit  0x10086134       0x1c Generated_Source\PSoC6\pdl\middleware\emWin\libs\GCC\libemWin_nosnts_gcc.a(LCD_Color.o)
 .text.LCD_InitColors
                0x10086150       0x40 Generated_Source\PSoC6\pdl\middleware\emWin\libs\GCC\libemWin_nosnts_gcc.a(LCD_Color.o)
                0x10086150                LCD_InitColors
 .text.LCD_GetpPalConvTableUncached
                0x10086190       0x68 Generated_Source\PSoC6\pdl\middleware\emWin\libs\GCC\libemWin_nosnts_gcc.a(LCD_Color.o)
                0x10086190                LCD_GetpPalConvTableUncached
 .text.LCD_GetpPalConvTableBM
                0x100861f8        0x8 Generated_Source\PSoC6\pdl\middleware\emWin\libs\GCC\libemWin_nosnts_gcc.a(LCD_Color.o)
                0x100861f8                LCD_GetpPalConvTableBM
 .text.LCD_InitLUT
                0x10086200       0x7c Generated_Source\PSoC6\pdl\middleware\emWin\libs\GCC\libemWin_nosnts_gcc.a(LCD_Color.o)
                0x10086200                LCD_InitLUT
 .text.LCD_GetBkColorIndex
                0x1008627c       0x10 Generated_Source\PSoC6\pdl\middleware\emWin\libs\GCC\libemWin_nosnts_gcc.a(LCD_GetColorIndex.o)
                0x1008627c                LCD_GetBkColorIndex
 .text.LCD_GetColorIndex
                0x1008628c       0x10 Generated_Source\PSoC6\pdl\middleware\emWin\libs\GCC\libemWin_nosnts_gcc.a(LCD_GetColorIndex.o)
                0x1008628c                LCD_GetColorIndex
 .text._GetDevProp.part.0
                0x1008629c       0x16 Generated_Source\PSoC6\pdl\middleware\emWin\libs\GCC\libemWin_nosnts_gcc.a(LCD_GetEx.o)
 .text._GetDevProp
                0x100862b2       0x12 Generated_Source\PSoC6\pdl\middleware\emWin\libs\GCC\libemWin_nosnts_gcc.a(LCD_GetEx.o)
 .text._GetMaxValue
                0x100862c4       0x12 Generated_Source\PSoC6\pdl\middleware\emWin\libs\GCC\libemWin_nosnts_gcc.a(LCD_GetEx.o)
 .text.LCD_GetXSizeEx
                0x100862d6        0xa Generated_Source\PSoC6\pdl\middleware\emWin\libs\GCC\libemWin_nosnts_gcc.a(LCD_GetEx.o)
                0x100862d6                LCD_GetXSizeEx
 .text.LCD_GetYSizeEx
                0x100862e0        0xa Generated_Source\PSoC6\pdl\middleware\emWin\libs\GCC\libemWin_nosnts_gcc.a(LCD_GetEx.o)
                0x100862e0                LCD_GetYSizeEx
 .text.LCD_GetVXSizeEx
                0x100862ea        0xa Generated_Source\PSoC6\pdl\middleware\emWin\libs\GCC\libemWin_nosnts_gcc.a(LCD_GetEx.o)
                0x100862ea                LCD_GetVXSizeEx
 .text.LCD_GetVYSizeEx
                0x100862f4        0xa Generated_Source\PSoC6\pdl\middleware\emWin\libs\GCC\libemWin_nosnts_gcc.a(LCD_GetEx.o)
                0x100862f4                LCD_GetVYSizeEx
 .text.LCD_GetBitsPerPixelEx
                0x100862fe        0xa Generated_Source\PSoC6\pdl\middleware\emWin\libs\GCC\libemWin_nosnts_gcc.a(LCD_GetEx.o)
                0x100862fe                LCD_GetBitsPerPixelEx
 .text.LCD_GetNumColorsEx
                0x10086308        0xa Generated_Source\PSoC6\pdl\middleware\emWin\libs\GCC\libemWin_nosnts_gcc.a(LCD_GetEx.o)
                0x10086308                LCD_GetNumColorsEx
 *fill*         0x10086312        0x2 
 .text.LCD_GetXSize
                0x10086314       0x14 Generated_Source\PSoC6\pdl\middleware\emWin\libs\GCC\libemWin_nosnts_gcc.a(LCD_GetEx.o)
                0x10086314                LCD_GetXSize
 .text.LCD_GetYSize
                0x10086328       0x14 Generated_Source\PSoC6\pdl\middleware\emWin\libs\GCC\libemWin_nosnts_gcc.a(LCD_GetEx.o)
                0x10086328                LCD_GetYSize
 .text.LCD_GetNumColors
                0x1008633c       0x14 Generated_Source\PSoC6\pdl\middleware\emWin\libs\GCC\libemWin_nosnts_gcc.a(LCD_GetEx.o)
                0x1008633c                LCD_GetNumColors
 .text.GUI_GetBitsPerPixelEx
                0x10086350       0x18 Generated_Source\PSoC6\pdl\middleware\emWin\libs\GCC\libemWin_nosnts_gcc.a(LCD_GetEx.o)
                0x10086350                GUI_GetBitsPerPixelEx
 .text.LCD_GetPaletteEx
                0x10086368       0x14 Generated_Source\PSoC6\pdl\middleware\emWin\libs\GCC\libemWin_nosnts_gcc.a(LCD_GetEx.o)
                0x10086368                LCD_GetPaletteEx
 .text.LCD_GetPalette
                0x1008637c       0x14 Generated_Source\PSoC6\pdl\middleware\emWin\libs\GCC\libemWin_nosnts_gcc.a(LCD_GetEx.o)
                0x1008637c                LCD_GetPalette
 .text.GUI_GetpfIndex2ColorEx
                0x10086390       0x10 Generated_Source\PSoC6\pdl\middleware\emWin\libs\GCC\libemWin_nosnts_gcc.a(LCD_GetEx.o)
                0x10086390                GUI_GetpfIndex2ColorEx
 .text.GUI_GetpfColor2IndexEx
                0x100863a0       0x10 Generated_Source\PSoC6\pdl\middleware\emWin\libs\GCC\libemWin_nosnts_gcc.a(LCD_GetEx.o)
                0x100863a0                GUI_GetpfColor2IndexEx
 .text.LCD_GetXSizeMax
                0x100863b0        0xa Generated_Source\PSoC6\pdl\middleware\emWin\libs\GCC\libemWin_nosnts_gcc.a(LCD_GetEx.o)
                0x100863b0                LCD_GetXSizeMax
 .text.LCD_GetYSizeMax
                0x100863ba        0xa Generated_Source\PSoC6\pdl\middleware\emWin\libs\GCC\libemWin_nosnts_gcc.a(LCD_GetEx.o)
                0x100863ba                LCD_GetYSizeMax
 .text.LCD_GetVXSizeMax
                0x100863c4        0xa Generated_Source\PSoC6\pdl\middleware\emWin\libs\GCC\libemWin_nosnts_gcc.a(LCD_GetEx.o)
                0x100863c4                LCD_GetVXSizeMax
 *fill*         0x100863ce        0x2 
 .text.LCD_SetDisplaySize
                0x100863d0        0xc Generated_Source\PSoC6\pdl\middleware\emWin\libs\GCC\libemWin_nosnts_gcc.a(LCD_GetEx.o)
                0x100863d0                LCD_SetDisplaySize
 .text.LCD_GetXSizeDisplay
                0x100863dc        0xc Generated_Source\PSoC6\pdl\middleware\emWin\libs\GCC\libemWin_nosnts_gcc.a(LCD_GetEx.o)
                0x100863dc                LCD_GetXSizeDisplay
 .text.LCD_GetYSizeDisplay
                0x100863e8        0xc Generated_Source\PSoC6\pdl\middleware\emWin\libs\GCC\libemWin_nosnts_gcc.a(LCD_GetEx.o)
                0x100863e8                LCD_GetYSizeDisplay
 .text.LCD__GetBPP
                0x100863f4       0x72 Generated_Source\PSoC6\pdl\middleware\emWin\libs\GCC\libemWin_nosnts_gcc.a(LCD_GetEx.o)
                0x100863f4                LCD__GetBPP
 .text.LCD__GetBPPDevice
                0x10086466       0x2a Generated_Source\PSoC6\pdl\middleware\emWin\libs\GCC\libemWin_nosnts_gcc.a(LCD_GetEx.o)
                0x10086466                LCD__GetBPPDevice
 .text.LCD_GetNumLayers
                0x10086490        0xe Generated_Source\PSoC6\pdl\middleware\emWin\libs\GCC\libemWin_nosnts_gcc.a(LCD_GetNumDisplays.o)
                0x10086490                LCD_GetNumLayers
 *fill*         0x1008649e        0x2 
 .text.LCD_SelectLCD
                0x100864a0       0x44 Generated_Source\PSoC6\pdl\middleware\emWin\libs\GCC\libemWin_nosnts_gcc.a(LCD_SelectLCD.o)
                0x100864a0                LCD_SelectLCD
 .text.LCD_SetLUTEntryEx
                0x100864e4       0x2e Generated_Source\PSoC6\pdl\middleware\emWin\libs\GCC\libemWin_nosnts_gcc.a(LCD_Set.o)
                0x100864e4                LCD_SetLUTEntryEx
 .text.LCD_SetSizeEx
                0x10086512       0x2e Generated_Source\PSoC6\pdl\middleware\emWin\libs\GCC\libemWin_nosnts_gcc.a(LCD_Set.o)
                0x10086512                LCD_SetSizeEx
 .text.LCD_SetVSizeEx
                0x10086540       0x2e Generated_Source\PSoC6\pdl\middleware\emWin\libs\GCC\libemWin_nosnts_gcc.a(LCD_Set.o)
                0x10086540                LCD_SetVSizeEx
 *fill*         0x1008656e        0x2 
 .text.LCD_UpdateColorIndices
                0x10086570       0x24 Generated_Source\PSoC6\pdl\middleware\emWin\libs\GCC\libemWin_nosnts_gcc.a(LCD_UpdateColorIndices.o)
                0x10086570                LCD_UpdateColorIndices
 .text._OnExit  0x10086594       0x88 Generated_Source\PSoC6\pdl\middleware\emWin\libs\GCC\libemWin_nosnts_gcc.a(WM.o)
 .text._Paint1  0x1008661c       0x20 Generated_Source\PSoC6\pdl\middleware\emWin\libs\GCC\libemWin_nosnts_gcc.a(WM.o)
 .text._Findy1  0x1008663c       0xb4 Generated_Source\PSoC6\pdl\middleware\emWin\libs\GCC\libemWin_nosnts_gcc.a(WM.o)
 .text._Findx0  0x100866f0       0x8a Generated_Source\PSoC6\pdl\middleware\emWin\libs\GCC\libemWin_nosnts_gcc.a(WM.o)
 .text._Findx1  0x1008677a       0x7c Generated_Source\PSoC6\pdl\middleware\emWin\libs\GCC\libemWin_nosnts_gcc.a(WM.o)
 *fill*         0x100867f6        0x2 
 .text._Paint1Trans
                0x100867f8       0x90 Generated_Source\PSoC6\pdl\middleware\emWin\libs\GCC\libemWin_nosnts_gcc.a(WM.o)
 .text._PaintTransChildren
                0x10086888       0xb8 Generated_Source\PSoC6\pdl\middleware\emWin\libs\GCC\libemWin_nosnts_gcc.a(WM.o)
 .text.WM__PaintWinAndOverlays
                0x10086940       0x7c Generated_Source\PSoC6\pdl\middleware\emWin\libs\GCC\libemWin_nosnts_gcc.a(WM.o)
 .text._cbPaintMemDev
                0x100869bc       0x64 Generated_Source\PSoC6\pdl\middleware\emWin\libs\GCC\libemWin_nosnts_gcc.a(WM.o)
 .text.WM__ClipAtParentBorders
                0x10086a20       0x54 Generated_Source\PSoC6\pdl\middleware\emWin\libs\GCC\libemWin_nosnts_gcc.a(WM.o)
                0x10086a20                WM__ClipAtParentBorders
 .text.WM__InsertWindowIntoList
                0x10086a74       0xaa Generated_Source\PSoC6\pdl\middleware\emWin\libs\GCC\libemWin_nosnts_gcc.a(WM.o)
                0x10086a74                WM__InsertWindowIntoList
 .text.WM__RemoveWindowFromList
                0x10086b1e       0x3e Generated_Source\PSoC6\pdl\middleware\emWin\libs\GCC\libemWin_nosnts_gcc.a(WM.o)
                0x10086b1e                WM__RemoveWindowFromList
 .text.WM__Client2Screen
                0x10086b5c       0x14 Generated_Source\PSoC6\pdl\middleware\emWin\libs\GCC\libemWin_nosnts_gcc.a(WM.o)
                0x10086b5c                WM__Client2Screen
 .text._SetClipRectUserIntersect
                0x10086b70       0x50 Generated_Source\PSoC6\pdl\middleware\emWin\libs\GCC\libemWin_nosnts_gcc.a(WM.o)
 .text.WM__ActivateClipRect
                0x10086bc0       0x50 Generated_Source\PSoC6\pdl\middleware\emWin\libs\GCC\libemWin_nosnts_gcc.a(WM.o)
                0x10086bc0                WM__ActivateClipRect
 .text.WM__IsWindow
                0x10086c10       0x20 Generated_Source\PSoC6\pdl\middleware\emWin\libs\GCC\libemWin_nosnts_gcc.a(WM.o)
                0x10086c10                WM__IsWindow
 .text.WM__InvalidateDrawAndDescs
                0x10086c30       0x54 Generated_Source\PSoC6\pdl\middleware\emWin\libs\GCC\libemWin_nosnts_gcc.a(WM.o)
                0x10086c30                WM__InvalidateDrawAndDescs
 .text.WM__RectIsNZ
                0x10086c84       0x22 Generated_Source\PSoC6\pdl\middleware\emWin\libs\GCC\libemWin_nosnts_gcc.a(WM.o)
                0x10086c84                WM__RectIsNZ
 *fill*         0x10086ca6        0x2 
 .text._Invalidate1Abs
                0x10086ca8       0x88 Generated_Source\PSoC6\pdl\middleware\emWin\libs\GCC\libemWin_nosnts_gcc.a(WM.o)
 .text.WM__Invalidate1Abs
                0x10086d30        0xa Generated_Source\PSoC6\pdl\middleware\emWin\libs\GCC\libemWin_nosnts_gcc.a(WM.o)
                0x10086d30                WM__Invalidate1Abs
 .text.WM_InvalidateWindowAndDescsEx
                0x10086d3a       0x60 Generated_Source\PSoC6\pdl\middleware\emWin\libs\GCC\libemWin_nosnts_gcc.a(WM.o)
                0x10086d3a                WM_InvalidateWindowAndDescsEx
 *fill*         0x10086d9a        0x2 
 .text.WM__InvalidateRect
                0x10086d9c       0x80 Generated_Source\PSoC6\pdl\middleware\emWin\libs\GCC\libemWin_nosnts_gcc.a(WM.o)
                0x10086d9c                WM__InvalidateRect
 .text.WM__InvalidateParent
                0x10086e1c       0x28 Generated_Source\PSoC6\pdl\middleware\emWin\libs\GCC\libemWin_nosnts_gcc.a(WM.o)
                0x10086e1c                WM__InvalidateParent
 .text.WM__InvalidateRectEx
                0x10086e44        0xa Generated_Source\PSoC6\pdl\middleware\emWin\libs\GCC\libemWin_nosnts_gcc.a(WM.o)
                0x10086e44                WM__InvalidateRectEx
 .text.WM__DetachWindow
                0x10086e4e       0x2a Generated_Source\PSoC6\pdl\middleware\emWin\libs\GCC\libemWin_nosnts_gcc.a(WM.o)
                0x10086e4e                WM__DetachWindow
 .text.WM__SendMsgNoData
                0x10086e78       0x10 Generated_Source\PSoC6\pdl\middleware\emWin\libs\GCC\libemWin_nosnts_gcc.a(WM.o)
                0x10086e78                WM__SendMsgNoData
 .text.WM__GetClientRectWin
                0x10086e88       0x18 Generated_Source\PSoC6\pdl\middleware\emWin\libs\GCC\libemWin_nosnts_gcc.a(WM.o)
                0x10086e88                WM__GetClientRectWin
 .text.WM_InvalidateRect
                0x10086ea0       0x80 Generated_Source\PSoC6\pdl\middleware\emWin\libs\GCC\libemWin_nosnts_gcc.a(WM.o)
                0x10086ea0                WM_InvalidateRect
 .text.WM_InvalidateWindow
                0x10086f20        0xa Generated_Source\PSoC6\pdl\middleware\emWin\libs\GCC\libemWin_nosnts_gcc.a(WM.o)
                0x10086f20                WM_InvalidateWindow
 *fill*         0x10086f2a        0x2 
 .text.WM_SelectWindow
                0x10086f2c       0x38 Generated_Source\PSoC6\pdl\middleware\emWin\libs\GCC\libemWin_nosnts_gcc.a(WM.o)
                0x10086f2c                WM_SelectWindow
 .text.WM_CreateWindowAsChild
                0x10086f64      0x144 Generated_Source\PSoC6\pdl\middleware\emWin\libs\GCC\libemWin_nosnts_gcc.a(WM.o)
                0x10086f64                WM_CreateWindowAsChild
 .text.WM_CreateWindow
                0x100870a8       0x1a Generated_Source\PSoC6\pdl\middleware\emWin\libs\GCC\libemWin_nosnts_gcc.a(WM.o)
                0x100870a8                WM_CreateWindow
 *fill*         0x100870c2        0x2 
 .text.WM_DeleteWindow
                0x100870c4       0xf8 Generated_Source\PSoC6\pdl\middleware\emWin\libs\GCC\libemWin_nosnts_gcc.a(WM.o)
                0x100870c4                WM_DeleteWindow
 .text._Exec1Input
                0x100871bc       0x8c Generated_Source\PSoC6\pdl\middleware\emWin\libs\GCC\libemWin_nosnts_gcc.a(WM.o)
 .text.WM__GetNextIVR
                0x10087248      0x160 Generated_Source\PSoC6\pdl\middleware\emWin\libs\GCC\libemWin_nosnts_gcc.a(WM.o)
                0x10087248                WM__GetNextIVR
 .text.WM__InitIVRSearch
                0x100873a8      0x100 Generated_Source\PSoC6\pdl\middleware\emWin\libs\GCC\libemWin_nosnts_gcc.a(WM.o)
                0x100873a8                WM__InitIVRSearch
 .text.WM_SetDefault
                0x100874a8       0x14 Generated_Source\PSoC6\pdl\middleware\emWin\libs\GCC\libemWin_nosnts_gcc.a(WM.o)
                0x100874a8                WM_SetDefault
 .text.WM__Paint1
                0x100874bc       0x90 Generated_Source\PSoC6\pdl\middleware\emWin\libs\GCC\libemWin_nosnts_gcc.a(WM.o)
                0x100874bc                WM__Paint1
 .text.WM__Paint
                0x1008754c       0xa8 Generated_Source\PSoC6\pdl\middleware\emWin\libs\GCC\libemWin_nosnts_gcc.a(WM.o)
                0x1008754c                WM__Paint
 .text._Exec1Draw
                0x100875f4       0x88 Generated_Source\PSoC6\pdl\middleware\emWin\libs\GCC\libemWin_nosnts_gcc.a(WM.o)
 .text.WM_Exec  0x1008767c       0x80 Generated_Source\PSoC6\pdl\middleware\emWin\libs\GCC\libemWin_nosnts_gcc.a(WM.o)
                0x1008767c                WM_Exec
 .text.WM_Activate
                0x100876fc       0x10 Generated_Source\PSoC6\pdl\middleware\emWin\libs\GCC\libemWin_nosnts_gcc.a(WM.o)
                0x100876fc                WM_Activate
 .text.WM_Deactivate
                0x1008770c       0x18 Generated_Source\PSoC6\pdl\middleware\emWin\libs\GCC\libemWin_nosnts_gcc.a(WM.o)
                0x1008770c                WM_Deactivate
 .text.WM_DefaultProc
                0x10087724       0x48 Generated_Source\PSoC6\pdl\middleware\emWin\libs\GCC\libemWin_nosnts_gcc.a(WM.o)
                0x10087724                WM_DefaultProc
 .text._cbBackWin
                0x1008776c       0x44 Generated_Source\PSoC6\pdl\middleware\emWin\libs\GCC\libemWin_nosnts_gcc.a(WM.o)
 .text.WM_Init  0x100877b0       0xa4 Generated_Source\PSoC6\pdl\middleware\emWin\libs\GCC\libemWin_nosnts_gcc.a(WM.o)
                0x100877b0                WM_Init
 .text.WM__GetFirstSibling
                0x10087854       0x16 Generated_Source\PSoC6\pdl\middleware\emWin\libs\GCC\libemWin_nosnts_gcc.a(WM__Private.o)
                0x10087854                WM__GetFirstSibling
 .text.WM__GetPrevSibling
                0x1008786a       0x28 Generated_Source\PSoC6\pdl\middleware\emWin\libs\GCC\libemWin_nosnts_gcc.a(WM__Private.o)
                0x1008786a                WM__GetPrevSibling
 *fill*         0x10087892        0x2 
 .text.WM__SendMessage
                0x10087894       0x38 Generated_Source\PSoC6\pdl\middleware\emWin\libs\GCC\libemWin_nosnts_gcc.a(WM__Private.o)
                0x10087894                WM__SendMessage
 .text.WM__SendMessageNoPara
                0x100878cc       0x2a Generated_Source\PSoC6\pdl\middleware\emWin\libs\GCC\libemWin_nosnts_gcc.a(WM__Private.o)
                0x100878cc                WM__SendMessageNoPara
 .text.WM__UpdateChildPositions
                0x100878f6       0xf0 Generated_Source\PSoC6\pdl\middleware\emWin\libs\GCC\libemWin_nosnts_gcc.a(WM__Private.o)
                0x100878f6                WM__UpdateChildPositions
 *fill*         0x100879e6        0x2 
 .text.WM__AddCriticalHandle
                0x100879e8       0x10 Generated_Source\PSoC6\pdl\middleware\emWin\libs\GCC\libemWin_nosnts_gcc.a(WM__Private.o)
                0x100879e8                WM__AddCriticalHandle
 .text.WM__GetClientRectEx
                0x100879f8       0x20 Generated_Source\PSoC6\pdl\middleware\emWin\libs\GCC\libemWin_nosnts_gcc.a(WM__Private.o)
                0x100879f8                WM__GetClientRectEx
 .text.WM_GetDesktopWindow
                0x10087a18        0xc Generated_Source\PSoC6\pdl\middleware\emWin\libs\GCC\libemWin_nosnts_gcc.a(WM_Lib.o)
                0x10087a18                WM_GetDesktopWindow
 .text.WM_GetFirstChild
                0x10087a24        0xe Generated_Source\PSoC6\pdl\middleware\emWin\libs\GCC\libemWin_nosnts_gcc.a(WM_Lib.o)
                0x10087a24                WM_GetFirstChild
 .text.WM_GetWindowOrgX
                0x10087a32       0x14 Generated_Source\PSoC6\pdl\middleware\emWin\libs\GCC\libemWin_nosnts_gcc.a(WM_Lib.o)
                0x10087a32                WM_GetWindowOrgX
 .text.WM_GetParent
                0x10087a46        0xe Generated_Source\PSoC6\pdl\middleware\emWin\libs\GCC\libemWin_nosnts_gcc.a(WM_Lib.o)
                0x10087a46                WM_GetParent
 .text.WM_BringToBottom
                0x10087a54       0x80 Generated_Source\PSoC6\pdl\middleware\emWin\libs\GCC\libemWin_nosnts_gcc.a(WM_Lib.o)
                0x10087a54                WM_BringToBottom
 .text.WM_OnKey
                0x10087ad4       0x2c Generated_Source\PSoC6\pdl\middleware\emWin\libs\GCC\libemWin_nosnts_gcc.a(WM_Lib.o)
                0x10087ad4                WM_OnKey
 .text.WM_ResizeWindow
                0x10087b00       0xfc Generated_Source\PSoC6\pdl\middleware\emWin\libs\GCC\libemWin_nosnts_gcc.a(WM_Lib.o)
                0x10087b00                WM_ResizeWindow
 .text.WM_SendMessageNoPara
                0x10087bfc        0x8 Generated_Source\PSoC6\pdl\middleware\emWin\libs\GCC\libemWin_nosnts_gcc.a(WM_Lib.o)
                0x10087bfc                WM_SendMessageNoPara
 .text.WM_SendToParent
                0x10087c04       0x1a Generated_Source\PSoC6\pdl\middleware\emWin\libs\GCC\libemWin_nosnts_gcc.a(WM_Lib.o)
                0x10087c04                WM_SendToParent
 .text.WM_NotifyParent
                0x10087c1e       0x12 Generated_Source\PSoC6\pdl\middleware\emWin\libs\GCC\libemWin_nosnts_gcc.a(WM_Lib.o)
                0x10087c1e                WM_NotifyParent
 .text.WM_SetSize
                0x10087c30       0x40 Generated_Source\PSoC6\pdl\middleware\emWin\libs\GCC\libemWin_nosnts_gcc.a(WM_Lib.o)
                0x10087c30                WM_SetSize
 .text._MoveDescendents
                0x10087c70       0x68 Generated_Source\PSoC6\pdl\middleware\emWin\libs\GCC\libemWin_nosnts_gcc.a(WM_Move.o)
 .text.WM__MoveWindow
                0x10087cd8       0x9c Generated_Source\PSoC6\pdl\middleware\emWin\libs\GCC\libemWin_nosnts_gcc.a(WM_Move.o)
                0x10087cd8                WM__MoveWindow
 .text.WM_MoveWindow